 oracledb

 Timestamp is 58324779 (Sun Nov 20 20:01:45 2016)

 Preferred load address is 0000000180000000

 Start         Length     Name                   Class
 0001:00000000 000000b0H .text$di                CODE
 0001:000000b0 00037ee3H .text$mn                CODE
 0001:00037fa0 000027a0H .text$x                 CODE
 0001:0003a740 00000114H .text$yd                CODE
 0002:00000000 00000378H .idata$5                DATA
 0002:00000378 00000008H .CRT$XCA                DATA
 0002:00000380 00000018H .CRT$XCC                DATA
 0002:00000398 00000010H .CRT$XCL                DATA
 0002:000003a8 00000030H .CRT$XCU                DATA
 0002:000003d8 00000008H .CRT$XCZ                DATA
 0002:000003e0 00000008H .CRT$XIA                DATA
 0002:000003e8 00000020H .CRT$XIC                DATA
 0002:00000408 00000008H .CRT$XIZ                DATA
 0002:00000410 00000008H .CRT$XPA                DATA
 0002:00000418 00000010H .CRT$XPX                DATA
 0002:00000428 00000008H .CRT$XPXA               DATA
 0002:00000430 00000008H .CRT$XPZ                DATA
 0002:00000438 00000008H .CRT$XTA                DATA
 0002:00000440 00000008H .CRT$XTZ                DATA
 0002:00000450 0000c500H .rdata                  DATA
 0002:0000c950 00000088H .rdata$debug            DATA
 0002:0000c9d8 00000754H .rdata$r                DATA
 0002:0000d130 00000008H .rtc$IAA                DATA
 0002:0000d138 00000008H .rtc$IZZ                DATA
 0002:0000d140 00000008H .rtc$TAA                DATA
 0002:0000d148 00000008H .rtc$TZZ                DATA
 0002:0000d150 00006780H .xdata                  DATA
 0002:000138d0 00000294H .xdata$x                DATA
 0002:00013b64 00000020H .didat$2                DATA
 0002:00013b84 00000020H .didat$3                DATA
 0002:00013ba8 000002b8H .didat$4                DATA
 0002:00013e60 00001514H .didat$6                DATA
 0002:00015378 000002b8H .didat$7                DATA
 0002:00015630 00000054H .edata                  DATA
 0002:00015684 00000028H .idata$2                DATA
 0002:000156ac 00000014H .idata$3                DATA
 0002:000156c0 00000378H .idata$4                DATA
 0002:00015a38 0000081eH .idata$6                DATA
 0003:00000000 00001ba8H .data                   DATA
 0003:00001bb0 00000307H .data$r                 DATA
 0003:00001eb8 000002b8H .didat$5                DATA
 0003:00002180 00002930H .bss                    DATA
 0004:00000000 0000288cH .pdata                  DATA
 0005:00000000 00000058H .rsrc$01                DATA
 0005:00000060 00000180H .rsrc$02                DATA

  Address         Publics by Value              Rva+Base               Lib:Object

 0000:00000000       __guard_fids_count         0000000000000000     <absolute>
 0000:00000000       ___safe_se_handler_table   0000000000000000     <absolute>
 0000:00000000       __guard_fids_table         0000000000000000     <absolute>
 0000:00000000       ___safe_se_handler_count   0000000000000000     <absolute>
 0000:00000000       __guard_flags              0000000000000000     <absolute>
 0000:00000000       __ImageBase                0000000180000000     <linker-defined>
 0001:000000b0       ?what@exception@stdext@@UEBAPEBDXZ 00000001800010b0 f i njsOracle.obj
 0001:000000d0       ?_Raise@exception@stdext@@QEBAXXZ 00000001800010d0 f i njsOracle.obj
 0001:00000110       ?_Doraise@exception@stdext@@MEBAXXZ 0000000180001110 f i njsOracle.obj
 0001:00000110       ??1?$Persistent@VObject@v8@@V?$NonCopyablePersistentTraits@VObject@v8@@@2@@Nan@@QEAA@XZ 0000000180001110 f i njsOracle.obj
 0001:00000110       ??1?$Persistent@VFunction@v8@@V?$NonCopyablePersistentTraits@VFunction@v8@@@2@@Nan@@QEAA@XZ 0000000180001110 f i njsOracle.obj
 0001:00000110       ?_Unlock@?$basic_streambuf@DU?$char_traits@D@std@@@std@@UEAAXXZ 0000000180001110 f i njsOracle.obj
 0001:00000110       ?_Lock@?$basic_streambuf@DU?$char_traits@D@std@@@std@@UEAAXXZ 0000000180001110 f i njsOracle.obj
 0001:00000110       ?imbue@?$basic_streambuf@DU?$char_traits@D@std@@@std@@MEAAXAEBVlocale@2@@Z 0000000180001110 f i njsOracle.obj
 0001:00000110       ?lobPrefetchSize@ConnImpl@@UEAAXI@Z 0000000180001110 f i dpiConnImpl.obj
 0001:00000120       ??_E_System_error@std@@UEAAPEAXI@Z 0000000180001120 f i * CIL library *:* CIL module *
 0001:00000120       ??_Esystem_error@std@@UEAAPEAXI@Z 0000000180001120 f i * CIL library *:* CIL module *
 0001:00000120       ??_Gfailure@ios_base@std@@UEAAPEAXI@Z 0000000180001120 f i njsOracle.obj
 0001:00000120       ??_EException@dpi@@UEAAPEAXI@Z 0000000180001120 f i * CIL library *:* CIL module *
 0001:00000120       ??_GException@dpi@@UEAAPEAXI@Z 0000000180001120 f i dpiEnvImpl.obj
 0001:00000120       ??_Efailure@ios_base@std@@UEAAPEAXI@Z 0000000180001120 f i * CIL library *:* CIL module *
 0001:00000120       ??_Gsystem_error@std@@UEAAPEAXI@Z 0000000180001120 f i njsOracle.obj
 0001:00000120       ??_G_System_error@std@@UEAAPEAXI@Z 0000000180001120 f i njsOracle.obj
 0001:00000120       ??_Gexception@stdext@@UEAAPEAXI@Z 0000000180001120 f i njsOracle.obj
 0001:00000120       ??_Eexception@stdext@@UEAAPEAXI@Z 0000000180001120 f i * CIL library *:* CIL module *
 0001:00000120       ??_Eruntime_error@std@@UEAAPEAXI@Z 0000000180001120 f i * CIL library *:* CIL module *
 0001:00000120       ??_Gruntime_error@std@@UEAAPEAXI@Z 0000000180001120 f i njsOracle.obj
 0001:00000150       ?_Doraise@failure@ios_base@std@@MEBAXXZ 0000000180001150 f i njsOracle.obj
 0001:00000150       ?_Doraise@runtime_error@std@@MEBAXXZ 0000000180001150 f i njsOracle.obj
 0001:00000150       ?_Doraise@system_error@std@@MEBAXXZ 0000000180001150 f i njsOracle.obj
 0001:00000170       ??1Exception@dpi@@UEAA@XZ  0000000180001170 f i dpiException.obj
 0001:00000170       ??1failure@ios_base@std@@UEAA@XZ 0000000180001170 f i njsOracle.obj
 0001:00000170       ??1runtime_error@std@@UEAA@XZ 0000000180001170 f i njsOracle.obj
 0001:00000180       ??0_Locinfo@std@@QEAA@PEBD@Z 0000000180001180 f i njsOracle.obj
 0001:00000220       ??1_Locinfo@std@@QEAA@XZ   0000000180001220 f i njsOracle.obj
 0001:000002c0       ??_G?$num_put@DV?$ostreambuf_iterator@DU?$char_traits@D@std@@@std@@@std@@MEAAPEAXI@Z 00000001800012c0 f i njsOracle.obj
 0001:000002c0       ??_E_Facet_base@std@@UEAAPEAXI@Z 00000001800012c0 f i * CIL library *:* CIL module *
 0001:000002c0       ??_G_Facet_base@std@@UEAAPEAXI@Z 00000001800012c0 f i njsOracle.obj
 0001:000002c0       ??_E?$num_put@DV?$ostreambuf_iterator@DU?$char_traits@D@std@@@std@@@std@@MEAAPEAXI@Z 00000001800012c0 f i * CIL library *:* CIL module *
 0001:000002f0       ?_Incref@facet@locale@std@@UEAAXXZ 00000001800012f0 f i njsOracle.obj
 0001:00000300       ?_Decref@facet@locale@std@@UEAAPEAV_Facet_base@3@XZ 0000000180001300 f i njsOracle.obj
 0001:00000310       ??1facet@locale@std@@MEAA@XZ 0000000180001310 f i njsOracle.obj
 0001:00000320       ??1locale@std@@QEAA@XZ     0000000180001320 f i njsOracle.obj
 0001:00000350       ?_Getcat@?$ctype@D@std@@SA_KPEAPEBVfacet@locale@2@PEBV42@@Z 0000000180001350 f i njsOracle.obj
 0001:00000440       ?do_tolower@?$ctype@D@std@@MEBADD@Z 0000000180001440 f i njsOracle.obj
 0001:00000450       ?do_tolower@?$ctype@D@std@@MEBAPEBDPEADPEBD@Z 0000000180001450 f i njsOracle.obj
 0001:000004c0       ?do_toupper@?$ctype@D@std@@MEBADD@Z 00000001800014c0 f i njsOracle.obj
 0001:000004d0       ?do_toupper@?$ctype@D@std@@MEBAPEBDPEADPEBD@Z 00000001800014d0 f i njsOracle.obj
 0001:00000540       ?do_widen@?$ctype@D@std@@MEBADD@Z 0000000180001540 f i njsOracle.obj
 0001:00000540       ?do_narrow@?$ctype@D@std@@MEBADDD@Z 0000000180001540 f i njsOracle.obj
 0001:00000550       ?do_widen@?$ctype@D@std@@MEBAPEBDPEBD0PEAD@Z 0000000180001550 f i njsOracle.obj
 0001:00000570       ?do_narrow@?$ctype@D@std@@MEBAPEBDPEBD0DPEAD@Z 0000000180001570 f i njsOracle.obj
 0001:00000590       ??_G?$ctype@D@std@@MEAAPEAXI@Z 0000000180001590 f i njsOracle.obj
 0001:00000590       ??_E?$ctype@D@std@@MEAAPEAXI@Z 0000000180001590 f i * CIL library *:* CIL module *
 0001:00000600       ?message@error_code@std@@QEBA?AV?$basic_string@DU?$char_traits@D@std@@V?$allocator@D@2@@2@XZ 0000000180001600 f i njsOracle.obj
 0001:00000630       ?_Makestr@_System_error@std@@CA?AV?$basic_string@DU?$char_traits@D@std@@V?$allocator@D@2@@2@Verror_code@2@V32@@Z 0000000180001630 f i njsOracle.obj
 0001:00000700       ??0system_error@std@@QEAA@Verror_code@1@PEBD@Z 0000000180001700 f i njsOracle.obj
 0001:00000850       ?clear@ios_base@std@@QEAAXH_N@Z 0000000180001850 f i njsOracle.obj
 0001:00000920       ?getloc@ios_base@std@@QEBA?AVlocale@2@XZ 0000000180001920 f i njsOracle.obj
 0001:00000950       ?_Init@ios_base@std@@IEAAXXZ 0000000180001950 f i njsOracle.obj
 0001:000009e0       ??_E?$basic_ios@DU?$char_traits@D@std@@@std@@UEAAPEAXI@Z 00000001800019e0 f i * CIL library *:* CIL module *
 0001:000009e0       ??_Gios_base@std@@UEAAPEAXI@Z 00000001800019e0 f i njsOracle.obj
 0001:000009e0       ??_Eios_base@std@@UEAAPEAXI@Z 00000001800019e0 f i * CIL library *:* CIL module *
 0001:000009e0       ??_G?$basic_ios@DU?$char_traits@D@std@@@std@@UEAAPEAXI@Z 00000001800019e0 f i njsOracle.obj
 0001:00000c40       ?New@?$Factory@VFunctionTemplate@v8@@@imp@Nan@@SA?AV?$Local@VFunctionTemplate@v8@@@v8@@P6AXAEBV?$FunctionCallbackInfo@VValue@v8@@@3@@ZV?$Local@VValue@v8@@@5@V?$Local@VSignature@v8@@@5@@Z 0000000180001c40 f i njsOracle.obj
 0001:00000dd0       ?ThrowError@Nan@@YAXPEBD@Z 0000000180001dd0 f i njsOracle.obj
 0001:00000e70       ??1HandleScope@Nan@@QEAA@XZ 0000000180001e70 f i njsOracle.obj
 0001:00000e70       ??1EscapableHandleScope@Nan@@QEAA@XZ 0000000180001e70 f i njsPool.obj
 0001:00000e80       ?SetPrototypeMethod@Nan@@YAXV?$Local@VFunctionTemplate@v8@@@v8@@PEBDP6AXAEBV?$FunctionCallbackInfo@VValue@v8@@@1@@Z@Z 0000000180001e80 f i njsOracle.obj
 0001:00000f90       ?SetAccessor@Nan@@YAXV?$Local@VObjectTemplate@v8@@@v8@@V?$Local@VString@v8@@@3@P6AX1AEBV?$PropertyCallbackInfo@VValue@v8@@@1@@ZP6AX1V?$Local@VValue@v8@@@3@AEBV?$PropertyCallbackInfo@X@1@@Z4W4AccessControl@3@W4PropertyAttribute@3@V?$Local@VAccessorSignature@v8@@@3@@Z 0000000180001f90 f i njsOracle.obj
 0001:00001130       ??1ObjectWrap@Nan@@UEAA@XZ 0000000180002130 f i njsOracle.obj
 0001:000011b0       ?Wrap@ObjectWrap@Nan@@IEAAXV?$Local@VObject@v8@@@v8@@@Z 00000001800021b0 f i njsOracle.obj
 0001:00001290       ?Ref@ObjectWrap@Nan@@MEAAXXZ 0000000180002290 f i njsOracle.obj
 0001:000012d0       ?Unref@ObjectWrap@Nan@@MEAAXXZ 00000001800022d0 f i njsOracle.obj
 0001:00001380       ?WeakCallback@ObjectWrap@Nan@@CAXAEBV?$WeakCallbackInfo@VObjectWrap@Nan@@@v8@@@Z 0000000180002380 f i njsOracle.obj
 0001:00001410       ??_EObjectWrap@Nan@@UEAAPEAXI@Z 0000000180002410 f i * CIL library *:* CIL module *
 0001:00001410       ??_GObjectWrap@Nan@@UEAAPEAXI@Z 0000000180002410 f i njsOracle.obj
 0001:00001440       ??0connectionBaton@@QEAA@V?$Local@VFunction@v8@@@v8@@V?$Local@VObject@v8@@@2@@Z 0000000180002440 f i njsOracle.obj
 0001:000015f0       ??1connectionBaton@@QEAA@XZ 00000001800025f0 f i njsOracle.obj
 0001:00001740       ??0Oracledb@@AEAA@XZ       0000000180002740 f   njsOracle.obj
 0001:00001870       ??_EOracledb@@EEAAPEAXI@Z  0000000180002870 f i * CIL library *:* CIL module *
 0001:00001870       ??_GOracledb@@EEAAPEAXI@Z  0000000180002870 f i njsOracle.obj
 0001:000018a0       ??1Oracledb@@EEAA@XZ       00000001800028a0 f   njsOracle.obj
 0001:00001980       ?driverName@Oracledb@@AEBA?BV?$basic_string@DU?$char_traits@D@std@@V?$allocator@D@2@@std@@XZ 0000000180002980 f   njsOracle.obj
 0001:00001a60       ??_D?$basic_stringstream@DU?$char_traits@D@std@@V?$allocator@D@2@@std@@QEAAXXZ 0000000180002a60 f i njsOracle.obj
 0001:00001a90       ?Init@Oracledb@@SAXV?$Local@VObject@v8@@@v8@@@Z 0000000180002a90 f   njsOracle.obj
 0001:000022c0       ?New@Oracledb@@CAXAEBV?$FunctionCallbackInfo@VValue@v8@@@Nan@@@Z 00000001800032c0 f   njsOracle.obj
 0001:000023d0       ?GetPoolMin@Oracledb@@CAXV?$Local@VString@v8@@@v8@@AEBV?$PropertyCallbackInfo@VValue@v8@@@Nan@@@Z 00000001800033d0 f   njsOracle.obj
 0001:000024c0       ?SetPoolMin@Oracledb@@CAXV?$Local@VString@v8@@@v8@@V?$Local@VValue@v8@@@3@AEBV?$PropertyCallbackInfo@X@Nan@@@Z 00000001800034c0 f   njsOracle.obj
 0001:00002610       ?GetPoolMax@Oracledb@@CAXV?$Local@VString@v8@@@v8@@AEBV?$PropertyCallbackInfo@VValue@v8@@@Nan@@@Z 0000000180003610 f   njsOracle.obj
 0001:00002700       ?SetPoolMax@Oracledb@@CAXV?$Local@VString@v8@@@v8@@V?$Local@VValue@v8@@@3@AEBV?$PropertyCallbackInfo@X@Nan@@@Z 0000000180003700 f   njsOracle.obj
 0001:00002850       ?GetPoolIncrement@Oracledb@@CAXV?$Local@VString@v8@@@v8@@AEBV?$PropertyCallbackInfo@VValue@v8@@@Nan@@@Z 0000000180003850 f   njsOracle.obj
 0001:00002970       ?SetPoolIncrement@Oracledb@@CAXV?$Local@VString@v8@@@v8@@V?$Local@VValue@v8@@@3@AEBV?$PropertyCallbackInfo@X@Nan@@@Z 0000000180003970 f   njsOracle.obj
 0001:00002ac0       ?GetPoolTimeout@Oracledb@@CAXV?$Local@VString@v8@@@v8@@AEBV?$PropertyCallbackInfo@VValue@v8@@@Nan@@@Z 0000000180003ac0 f   njsOracle.obj
 0001:00002bb0       ?SetPoolTimeout@Oracledb@@CAXV?$Local@VString@v8@@@v8@@V?$Local@VValue@v8@@@3@AEBV?$PropertyCallbackInfo@X@Nan@@@Z 0000000180003bb0 f   njsOracle.obj
 0001:00002d00       ?GetMaxRows@Oracledb@@CAXV?$Local@VString@v8@@@v8@@AEBV?$PropertyCallbackInfo@VValue@v8@@@Nan@@@Z 0000000180003d00 f   njsOracle.obj
 0001:00002e20       ?SetMaxRows@Oracledb@@CAXV?$Local@VString@v8@@@v8@@V?$Local@VValue@v8@@@3@AEBV?$PropertyCallbackInfo@X@Nan@@@Z 0000000180003e20 f   njsOracle.obj
 0001:00002fd0       ?GetOutFormat@Oracledb@@CAXV?$Local@VString@v8@@@v8@@AEBV?$PropertyCallbackInfo@VValue@v8@@@Nan@@@Z 0000000180003fd0 f   njsOracle.obj
 0001:000030c0       ?SetOutFormat@Oracledb@@CAXV?$Local@VString@v8@@@v8@@V?$Local@VValue@v8@@@3@AEBV?$PropertyCallbackInfo@X@Nan@@@Z 00000001800040c0 f   njsOracle.obj
 0001:00003210       ?GetStmtCacheSize@Oracledb@@CAXV?$Local@VString@v8@@@v8@@AEBV?$PropertyCallbackInfo@VValue@v8@@@Nan@@@Z 0000000180004210 f   njsOracle.obj
 0001:00003330       ?SetStmtCacheSize@Oracledb@@CAXV?$Local@VString@v8@@@v8@@V?$Local@VValue@v8@@@3@AEBV?$PropertyCallbackInfo@X@Nan@@@Z 0000000180004330 f   njsOracle.obj
 0001:00003480       ?GetPrefetchRows@Oracledb@@CAXV?$Local@VString@v8@@@v8@@AEBV?$PropertyCallbackInfo@VValue@v8@@@Nan@@@Z 0000000180004480 f   njsOracle.obj
 0001:00003570       ?SetPrefetchRows@Oracledb@@CAXV?$Local@VString@v8@@@v8@@V?$Local@VValue@v8@@@3@AEBV?$PropertyCallbackInfo@X@Nan@@@Z 0000000180004570 f   njsOracle.obj
 0001:000036c0       ?GetAutoCommit@Oracledb@@CAXV?$Local@VString@v8@@@v8@@AEBV?$PropertyCallbackInfo@VValue@v8@@@Nan@@@Z 00000001800046c0 f   njsOracle.obj
 0001:000037a0       ?SetAutoCommit@Oracledb@@CAXV?$Local@VString@v8@@@v8@@V?$Local@VValue@v8@@@3@AEBV?$PropertyCallbackInfo@X@Nan@@@Z 00000001800047a0 f   njsOracle.obj
 0001:00003850       ?GetExtendedMetaData@Oracledb@@CAXV?$Local@VString@v8@@@v8@@AEBV?$PropertyCallbackInfo@VValue@v8@@@Nan@@@Z 0000000180004850 f   njsOracle.obj
 0001:00003930       ?SetExtendedMetaData@Oracledb@@CAXV?$Local@VString@v8@@@v8@@V?$Local@VValue@v8@@@3@AEBV?$PropertyCallbackInfo@X@Nan@@@Z 0000000180004930 f   njsOracle.obj
 0001:000039e0       ?GetVersion@Oracledb@@CAXV?$Local@VString@v8@@@v8@@AEBV?$PropertyCallbackInfo@VValue@v8@@@Nan@@@Z 00000001800049e0 f   njsOracle.obj
 0001:00003a00       ?SetVersion@Oracledb@@CAXV?$Local@VString@v8@@@v8@@V?$Local@VValue@v8@@@3@AEBV?$PropertyCallbackInfo@X@Nan@@@Z 0000000180004a00 f   njsOracle.obj
 0001:00003ae0       ?GetConnectionClass@Oracledb@@CAXV?$Local@VString@v8@@@v8@@AEBV?$PropertyCallbackInfo@VValue@v8@@@Nan@@@Z 0000000180004ae0 f   njsOracle.obj
 0001:00003be0       ?SetConnectionClass@Oracledb@@CAXV?$Local@VString@v8@@@v8@@V?$Local@VValue@v8@@@3@AEBV?$PropertyCallbackInfo@X@Nan@@@Z 0000000180004be0 f   njsOracle.obj
 0001:00003d20       ?GetExternalAuth@Oracledb@@CAXV?$Local@VString@v8@@@v8@@AEBV?$PropertyCallbackInfo@VValue@v8@@@Nan@@@Z 0000000180004d20 f   njsOracle.obj
 0001:00003de0       ?SetExternalAuth@Oracledb@@CAXV?$Local@VString@v8@@@v8@@V?$Local@VValue@v8@@@3@AEBV?$PropertyCallbackInfo@X@Nan@@@Z 0000000180004de0 f   njsOracle.obj
 0001:00003e90       ?GetLobPrefetchSize@Oracledb@@CAXV?$Local@VString@v8@@@v8@@AEBV?$PropertyCallbackInfo@VValue@v8@@@Nan@@@Z 0000000180004e90 f   njsOracle.obj
 0001:00003fb0       ?SetLobPrefetchSize@Oracledb@@CAXV?$Local@VString@v8@@@v8@@V?$Local@VValue@v8@@@3@AEBV?$PropertyCallbackInfo@X@Nan@@@Z 0000000180004fb0 f   njsOracle.obj
 0001:00004100       ?GetFetchAsString@Oracledb@@CAXV?$Local@VString@v8@@@v8@@AEBV?$PropertyCallbackInfo@VValue@v8@@@Nan@@@Z 0000000180005100 f   njsOracle.obj
 0001:000042b0       ?SetFetchAsString@Oracledb@@CAXV?$Local@VString@v8@@@v8@@V?$Local@VValue@v8@@@3@AEBV?$PropertyCallbackInfo@X@Nan@@@Z 00000001800052b0 f   njsOracle.obj
 0001:000045c0       ?GetOracleClientVersion@Oracledb@@CAXV?$Local@VString@v8@@@v8@@AEBV?$PropertyCallbackInfo@VValue@v8@@@Nan@@@Z 00000001800055c0 f   njsOracle.obj
 0001:000046e0       ?SetOracleClientVersion@Oracledb@@CAXV?$Local@VString@v8@@@v8@@V?$Local@VValue@v8@@@3@AEBV?$PropertyCallbackInfo@X@Nan@@@Z 00000001800056e0 f   njsOracle.obj
 0001:000047c0       ?GetConnection@Oracledb@@CAXAEBV?$FunctionCallbackInfo@VValue@v8@@@Nan@@@Z 00000001800057c0 f   njsOracle.obj
 0001:000050c0       ?Async_GetConnection@Oracledb@@CAXPEAUuv_work_s@@@Z 00000001800060c0 f   njsOracle.obj
 0001:00005170       ?Async_AfterGetConnection@Oracledb@@CAXPEAUuv_work_s@@@Z 0000000180006170 f   njsOracle.obj
 0001:000053e0       ??1TryCatch@Nan@@QEAA@XZ   00000001800063e0 f i njsOracle.obj
 0001:000053f0       ?CreatePool@Oracledb@@CAXAEBV?$FunctionCallbackInfo@VValue@v8@@@Nan@@@Z 00000001800063f0 f   njsOracle.obj
 0001:00006060       ?Async_CreatePool@Oracledb@@CAXPEAUuv_work_s@@@Z 0000000180007060 f   njsOracle.obj
 0001:00006130       ?Async_AfterCreatePool@Oracledb@@CAXPEAUuv_work_s@@@Z 0000000180007130 f   njsOracle.obj
 0001:00006440       ?getFetchAsStringTypes@Oracledb@@QEBAPEBW4DataType@@XZ 0000000180007440 f   njsOracle.obj
 0001:000064c0       ??0?$basic_string@DU?$char_traits@D@std@@V?$allocator@D@2@@std@@QEAA@AEBV01@@Z 00000001800074c0 f i njsOracle.obj
 0001:00006500       ??0?$basic_string@DU?$char_traits@D@std@@V?$allocator@D@2@@std@@QEAA@$$QEAV01@@Z 0000000180007500 f i njsOracle.obj
 0001:00006580       ??4?$basic_string@DU?$char_traits@D@std@@V?$allocator@D@2@@std@@QEAAAEAV01@$$QEAV01@@Z 0000000180007580 f i njsOracle.obj
 0001:000065d0       ??1MetaInfo@@QEAA@XZ       00000001800075d0 f i njsConnection.obj
 0001:000065d0       ??1?$basic_string@DU?$char_traits@D@std@@V?$allocator@D@2@@std@@QEAA@XZ 00000001800075d0 f i njsOracle.obj
 0001:000065d0       ??1fetchInfo@@QEAA@XZ      00000001800075d0 f i njsConnection.obj
 0001:00006610       ??1?$_Yarn@_W@std@@QEAA@XZ 0000000180007610 f i njsOracle.obj
 0001:00006610       ??1?$_Yarn@D@std@@QEAA@XZ  0000000180007610 f i njsOracle.obj
 0001:00006640       ??1?$basic_istream@DU?$char_traits@D@std@@@std@@UEAA@XZ 0000000180007640 f i njsOracle.obj
 0001:00006670       ??1?$basic_ios@DU?$char_traits@D@std@@@std@@UEAA@XZ 0000000180007670 f i njsOracle.obj
 0001:00006680       ??1?$basic_streambuf@DU?$char_traits@D@std@@@std@@UEAA@XZ 0000000180007680 f i njsOracle.obj
 0001:000066d0       ?pbackfail@?$basic_streambuf@DU?$char_traits@D@std@@@std@@MEAAHH@Z 00000001800076d0 f i njsOracle.obj
 0001:000066d0       ?underflow@?$basic_streambuf@DU?$char_traits@D@std@@@std@@MEAAHXZ 00000001800076d0 f i njsOracle.obj
 0001:000066d0       ?overflow@?$basic_streambuf@DU?$char_traits@D@std@@@std@@MEAAHH@Z 00000001800076d0 f i njsOracle.obj
 0001:000066e0       __init_collate             00000001800076e0 f i LIBCMT:initcoll.obj
 0001:000066e0       __init_dummy               00000001800076e0 f i LIBCMT:wsetloca.obj
 0001:000066e0       ?showmanyc@?$basic_streambuf@DU?$char_traits@D@std@@@std@@MEAA_JXZ 00000001800076e0 f i njsOracle.obj
 0001:000066e0       ?sync@?$basic_streambuf@DU?$char_traits@D@std@@@std@@MEAAHXZ 00000001800076e0 f i njsOracle.obj
 0001:000066f0       ?uflow@?$basic_streambuf@DU?$char_traits@D@std@@@std@@MEAAHXZ 00000001800076f0 f i njsOracle.obj
 0001:00006730       ?xsgetn@?$basic_streambuf@DU?$char_traits@D@std@@@std@@MEAA_JPEAD_J@Z 0000000180007730 f i njsOracle.obj
 0001:000067f0       ?xsputn@?$basic_streambuf@DU?$char_traits@D@std@@@std@@MEAA_JPEBD_J@Z 00000001800077f0 f i njsOracle.obj
 0001:000068b0       ?seekpos@?$basic_streambuf@DU?$char_traits@D@std@@@std@@MEAA?AV?$fpos@H@2@V32@H@Z 00000001800078b0 f i njsOracle.obj
 0001:000068b0       ?seekoff@?$basic_streambuf@DU?$char_traits@D@std@@@std@@MEAA?AV?$fpos@H@2@_JHH@Z 00000001800078b0 f i njsOracle.obj
 0001:000068d0       ?setbuf@?$basic_streambuf@DU?$char_traits@D@std@@@std@@MEAAPEAV12@PEAD_J@Z 00000001800078d0 f i njsOracle.obj
 0001:000068e0       ??6?$basic_ostream@DU?$char_traits@D@std@@@std@@QEAAAEAV01@H@Z 00000001800078e0 f i njsOracle.obj
 0001:00006a90       ??0?$basic_stringstream@DU?$char_traits@D@std@@V?$allocator@D@2@@std@@QEAA@H@Z 0000000180007a90 f i njsOracle.obj
 0001:00006b50       ??1?$basic_stringstream@DU?$char_traits@D@std@@V?$allocator@D@2@@std@@UEAA@XZ 0000000180007b50 f i njsOracle.obj
 0001:00006c20       ?str@?$basic_stringstream@DU?$char_traits@D@std@@V?$allocator@D@2@@std@@QEBA?AV?$basic_string@DU?$char_traits@D@std@@V?$allocator@D@2@@2@XZ 0000000180007c20 f i njsOracle.obj
 0001:00006c50       ??1?$basic_iostream@DU?$char_traits@D@std@@@std@@UEAA@XZ 0000000180007c50 f i njsOracle.obj
 0001:00006cd0       ??1?$basic_stringbuf@DU?$char_traits@D@std@@V?$allocator@D@2@@std@@UEAA@XZ 0000000180007cd0 f i njsOracle.obj
 0001:00006d70       ?overflow@?$basic_stringbuf@DU?$char_traits@D@std@@V?$allocator@D@2@@std@@MEAAHH@Z 0000000180007d70 f i njsOracle.obj
 0001:00006ff0       ?pbackfail@?$basic_stringbuf@DU?$char_traits@D@std@@V?$allocator@D@2@@std@@MEAAHH@Z 0000000180007ff0 f i njsOracle.obj
 0001:00007040       ?underflow@?$basic_stringbuf@DU?$char_traits@D@std@@V?$allocator@D@2@@std@@MEAAHXZ 0000000180008040 f i njsOracle.obj
 0001:000070a0       ?seekoff@?$basic_stringbuf@DU?$char_traits@D@std@@V?$allocator@D@2@@std@@MEAA?AV?$fpos@H@2@_JHH@Z 00000001800080a0 f i njsOracle.obj
 0001:00007230       ?seekpos@?$basic_stringbuf@DU?$char_traits@D@std@@V?$allocator@D@2@@std@@MEAA?AV?$fpos@H@2@V32@H@Z 0000000180008230 f i njsOracle.obj
 0001:00007340       ??_G?$basic_istream@DU?$char_traits@D@std@@@std@@UEAAPEAXI@Z 0000000180008340 f i njsOracle.obj
 0001:00007340       ??_E?$basic_istream@DU?$char_traits@D@std@@@std@@UEAAPEAXI@Z 0000000180008340 f i * CIL library *:* CIL module *
 0001:000073b0       ??_E?$basic_streambuf@DU?$char_traits@D@std@@@std@@UEAAPEAXI@Z 00000001800083b0 f i * CIL library *:* CIL module *
 0001:000073b0       ??_G?$basic_streambuf@DU?$char_traits@D@std@@@std@@UEAAPEAXI@Z 00000001800083b0 f i njsOracle.obj
 0001:00007430       ??_E?$basic_ostream@DU?$char_traits@D@std@@@std@@UEAAPEAXI@Z 0000000180008430 f i * CIL library *:* CIL module *
 0001:00007430       ??_G?$basic_ostream@DU?$char_traits@D@std@@@std@@UEAAPEAXI@Z 0000000180008430 f i njsOracle.obj
 0001:000074a0       ??_E?$basic_stringstream@DU?$char_traits@D@std@@V?$allocator@D@2@@std@@UEAAPEAXI@Z 00000001800084a0 f i * CIL library *:* CIL module *
 0001:000074a0       ??_G?$basic_stringstream@DU?$char_traits@D@std@@V?$allocator@D@2@@std@@UEAAPEAXI@Z 00000001800084a0 f i njsOracle.obj
 0001:00007500       ??_G?$basic_iostream@DU?$char_traits@D@std@@@std@@UEAAPEAXI@Z 0000000180008500 f i njsOracle.obj
 0001:00007500       ??_E?$basic_iostream@DU?$char_traits@D@std@@@std@@UEAAPEAXI@Z 0000000180008500 f i * CIL library *:* CIL module *
 0001:00007540       ??_G?$basic_stringbuf@DU?$char_traits@D@std@@V?$allocator@D@2@@std@@UEAAPEAXI@Z 0000000180008540 f i njsOracle.obj
 0001:00007540       ??_E?$basic_stringbuf@DU?$char_traits@D@std@@V?$allocator@D@2@@std@@UEAAPEAXI@Z 0000000180008540 f i * CIL library *:* CIL module *
 0001:00007570       ??_D?$basic_iostream@DU?$char_traits@D@std@@@std@@QEAAXXZ 0000000180008570 f i njsOracle.obj
 0001:00007600       ?_Assign_rv@?$basic_string@DU?$char_traits@D@std@@V?$allocator@D@2@@std@@QEAAX$$QEAV12@@Z 0000000180008600 f i njsOracle.obj
 0001:00007670       ?append@?$basic_string@DU?$char_traits@D@std@@V?$allocator@D@2@@std@@QEAAAEAV12@AEBV12@_K1@Z 0000000180008670 f i njsOracle.obj
 0001:000077a0       ?append@?$basic_string@DU?$char_traits@D@std@@V?$allocator@D@2@@std@@QEAAAEAV12@PEBD_K@Z 00000001800087a0 f i njsOracle.obj
 0001:000078f0       ?assign@?$basic_string@DU?$char_traits@D@std@@V?$allocator@D@2@@std@@QEAAAEAV12@AEBV12@_K1@Z 00000001800088f0 f i njsOracle.obj
 0001:00007a20       ?assign@?$basic_string@DU?$char_traits@D@std@@V?$allocator@D@2@@std@@QEAAAEAV12@PEBD_K@Z 0000000180008a20 f i njsOracle.obj
 0001:00007b60       ?init@?$basic_ios@DU?$char_traits@D@std@@@std@@IEAAXPEAV?$basic_streambuf@DU?$char_traits@D@std@@@2@_N@Z 0000000180008b60 f i njsOracle.obj
 0001:00007c00       ?_Gnavail@?$basic_streambuf@DU?$char_traits@D@std@@@std@@IEBA_JXZ 0000000180008c00 f i njsOracle.obj
 0001:00007c20       ?_Pnavail@?$basic_streambuf@DU?$char_traits@D@std@@@std@@IEBA_JXZ 0000000180008c20 f i njsOracle.obj
 0001:00007c40       ??0?$basic_iostream@DU?$char_traits@D@std@@@std@@QEAA@PEAV?$basic_streambuf@DU?$char_traits@D@std@@@1@@Z 0000000180008c40 f i njsOracle.obj
 0001:00007cf0       ?str@?$basic_stringbuf@DU?$char_traits@D@std@@V?$allocator@D@2@@std@@QEBA?AV?$basic_string@DU?$char_traits@D@std@@V?$allocator@D@2@@2@XZ 0000000180008cf0 f i njsOracle.obj
 0001:00007e80       ??0sentry@?$basic_ostream@DU?$char_traits@D@std@@@std@@QEAA@AEAV12@@Z 0000000180008e80 f i njsOracle.obj
 0001:00007f00       ??1sentry@?$basic_ostream@DU?$char_traits@D@std@@@std@@QEAA@XZ 0000000180008f00 f i njsOracle.obj
 0001:00007f80       ?do_put@?$num_put@DV?$ostreambuf_iterator@DU?$char_traits@D@std@@@std@@@std@@MEBA?AV?$ostreambuf_iterator@DU?$char_traits@D@std@@@2@V32@AEAVios_base@2@D_N@Z 0000000180008f80 f i njsOracle.obj
 0001:00008270       ?do_put@?$num_put@DV?$ostreambuf_iterator@DU?$char_traits@D@std@@@std@@@std@@MEBA?AV?$ostreambuf_iterator@DU?$char_traits@D@std@@@2@V32@AEAVios_base@2@DJ@Z 0000000180009270 f i njsOracle.obj
 0001:00008370       ?do_put@?$num_put@DV?$ostreambuf_iterator@DU?$char_traits@D@std@@@std@@@std@@MEBA?AV?$ostreambuf_iterator@DU?$char_traits@D@std@@@2@V32@AEAVios_base@2@DK@Z 0000000180009370 f i njsOracle.obj
 0001:00008470       ?do_put@?$num_put@DV?$ostreambuf_iterator@DU?$char_traits@D@std@@@std@@@std@@MEBA?AV?$ostreambuf_iterator@DU?$char_traits@D@std@@@2@V32@AEAVios_base@2@D_J@Z 0000000180009470 f i njsOracle.obj
 0001:00008570       ?do_put@?$num_put@DV?$ostreambuf_iterator@DU?$char_traits@D@std@@@std@@@std@@MEBA?AV?$ostreambuf_iterator@DU?$char_traits@D@std@@@2@V32@AEAVios_base@2@D_K@Z 0000000180009570 f i njsOracle.obj
 0001:00008670       ?do_put@?$num_put@DV?$ostreambuf_iterator@DU?$char_traits@D@std@@@std@@@std@@MEBA?AV?$ostreambuf_iterator@DU?$char_traits@D@std@@@2@V32@AEAVios_base@2@DN@Z 0000000180009670 f i njsOracle.obj
 0001:000088b0       ?do_put@?$num_put@DV?$ostreambuf_iterator@DU?$char_traits@D@std@@@std@@@std@@MEBA?AV?$ostreambuf_iterator@DU?$char_traits@D@std@@@2@V32@AEAVios_base@2@DO@Z 00000001800098b0 f i njsOracle.obj
 0001:00008ae0       ?do_put@?$num_put@DV?$ostreambuf_iterator@DU?$char_traits@D@std@@@std@@@std@@MEBA?AV?$ostreambuf_iterator@DU?$char_traits@D@std@@@2@V32@AEAVios_base@2@DPEBX@Z 0000000180009ae0 f i njsOracle.obj
 0001:00008b80       ?falsename@?$numpunct@D@std@@QEBA?AV?$basic_string@DU?$char_traits@D@std@@V?$allocator@D@2@@2@XZ 0000000180009b80 f i njsOracle.obj
 0001:00008ba0       ?truename@?$numpunct@D@std@@QEBA?AV?$basic_string@DU?$char_traits@D@std@@V?$allocator@D@2@@2@XZ 0000000180009ba0 f i njsOracle.obj
 0001:00008bc0       ?do_decimal_point@?$numpunct@D@std@@MEBADXZ 0000000180009bc0 f i njsOracle.obj
 0001:00008bd0       ?do_thousands_sep@?$numpunct@D@std@@MEBADXZ 0000000180009bd0 f i njsOracle.obj
 0001:00008be0       ?do_grouping@?$numpunct@D@std@@MEBA?AV?$basic_string@DU?$char_traits@D@std@@V?$allocator@D@2@@2@XZ 0000000180009be0 f i njsOracle.obj
 0001:00008c30       ?do_falsename@?$numpunct@D@std@@MEBA?AV?$basic_string@DU?$char_traits@D@std@@V?$allocator@D@2@@2@XZ 0000000180009c30 f i njsOracle.obj
 0001:00008c80       ?do_truename@?$numpunct@D@std@@MEBA?AV?$basic_string@DU?$char_traits@D@std@@V?$allocator@D@2@@2@XZ 0000000180009c80 f i njsOracle.obj
 0001:00008cd0       ??_E?$numpunct@D@std@@MEAAPEAXI@Z 0000000180009cd0 f i * CIL library *:* CIL module *
 0001:00008cd0       ??_G?$numpunct@D@std@@MEAAPEAXI@Z 0000000180009cd0 f i njsOracle.obj
 0001:00008d30       ?insert@?$basic_string@DU?$char_traits@D@std@@V?$allocator@D@2@@std@@QEAAAEAV12@_K0D@Z 0000000180009d30 f i njsOracle.obj
 0001:00008ea0       ?erase@?$basic_string@DU?$char_traits@D@std@@V?$allocator@D@2@@std@@QEAAAEAV12@_K0@Z 0000000180009ea0 f i njsOracle.obj
 0001:00008f70       ?_Grow@?$basic_string@DU?$char_traits@D@std@@V?$allocator@D@2@@std@@QEAA_N_K_N@Z 0000000180009f70 f i njsOracle.obj
 0001:00009040       ??0?$basic_streambuf@DU?$char_traits@D@std@@@std@@IEAA@XZ 000000018000a040 f i njsOracle.obj
 0001:00009100       ?flush@?$basic_ostream@DU?$char_traits@D@std@@@std@@QEAAAEAV12@XZ 000000018000a100 f i njsOracle.obj
 0001:000091f0       ??1_Sentry_base@?$basic_ostream@DU?$char_traits@D@std@@@std@@QEAA@XZ 000000018000a1f0 f i njsOracle.obj
 0001:00009210       ?_Fput@?$num_put@DV?$ostreambuf_iterator@DU?$char_traits@D@std@@@std@@@std@@AEBA?AV?$ostreambuf_iterator@DU?$char_traits@D@std@@@2@V32@AEAVios_base@2@DPEBD_K333@Z 000000018000a210 f i njsOracle.obj
 0001:000099a0       ?_Iput@?$num_put@DV?$ostreambuf_iterator@DU?$char_traits@D@std@@@std@@@std@@AEBA?AV?$ostreambuf_iterator@DU?$char_traits@D@std@@@2@V32@AEAVios_base@2@DPEAD_K@Z 000000018000a9a0 f i njsOracle.obj
 0001:00009f50       ?grouping@?$numpunct@D@std@@QEBA?AV?$basic_string@DU?$char_traits@D@std@@V?$allocator@D@2@@2@XZ 000000018000af50 f i njsOracle.obj
 0001:00009f70       ?assign@?$basic_string@DU?$char_traits@D@std@@V?$allocator@D@2@@std@@QEAAAEAV12@_KD@Z 000000018000af70 f i njsOracle.obj
 0001:0000a080       ?_Copy@?$basic_string@DU?$char_traits@D@std@@V?$allocator@D@2@@std@@QEAAX_K0@Z 000000018000b080 f i njsOracle.obj
 0001:0000a170       ??$use_facet@V?$ctype@D@std@@@std@@YAAEBV?$ctype@D@0@AEBVlocale@0@@Z 000000018000b170 f i njsOracle.obj
 0001:0000a280       ??$New@VString@v8@@V?$basic_string@DU?$char_traits@D@std@@V?$allocator@D@2@@std@@@Nan@@YA?AV?$MaybeLocal@VString@v8@@@v8@@V?$basic_string@DU?$char_traits@D@std@@V?$allocator@D@2@@std@@@Z 000000018000b280 f i njsOracle.obj
 0001:0000a350       ??$?6U?$char_traits@D@std@@@std@@YAAEAV?$basic_ostream@DU?$char_traits@D@std@@@0@AEAV10@PEBD@Z 000000018000b350 f i njsOracle.obj
 0001:0000a5b0       ??$Unwrap@VConnection@@@ObjectWrap@Nan@@SAPEAVConnection@@V?$Local@VObject@v8@@@v8@@@Z 000000018000b5b0 f i njsOracle.obj
 0001:0000a5b0       ??$Unwrap@VResultSet@@@ObjectWrap@Nan@@SAPEAVResultSet@@V?$Local@VObject@v8@@@v8@@@Z 000000018000b5b0 f i njsConnection.obj
 0001:0000a5b0       ??$Unwrap@VOracledb@@@ObjectWrap@Nan@@SAPEAVOracledb@@V?$Local@VObject@v8@@@v8@@@Z 000000018000b5b0 f i njsOracle.obj
 0001:0000a5b0       ??$Unwrap@VILob@@@ObjectWrap@Nan@@SAPEAVILob@@V?$Local@VObject@v8@@@v8@@@Z 000000018000b5b0 f i njsConnection.obj
 0001:0000a5b0       ??$Unwrap@VPool@@@ObjectWrap@Nan@@SAPEAVPool@@V?$Local@VObject@v8@@@v8@@@Z 000000018000b5b0 f i njsOracle.obj
 0001:0000a630       ??$use_facet@V?$num_put@DV?$ostreambuf_iterator@DU?$char_traits@D@std@@@std@@@std@@@std@@YAAEBV?$num_put@DV?$ostreambuf_iterator@DU?$char_traits@D@std@@@std@@@0@AEBVlocale@0@@Z 000000018000b630 f i njsOracle.obj
 0001:0000a740       ??$use_facet@V?$numpunct@D@std@@@std@@YAAEBV?$numpunct@D@0@AEBVlocale@0@@Z 000000018000b740 f i njsOracle.obj
 0001:0000a850       ?_Getcat@?$num_put@DV?$ostreambuf_iterator@DU?$char_traits@D@std@@@std@@@std@@SA_KPEAPEBVfacet@locale@2@PEBV42@@Z 000000018000b850 f i njsOracle.obj
 0001:0000a920       ?_Getcat@?$numpunct@D@std@@SA_KPEAPEBVfacet@locale@2@PEBV42@@Z 000000018000b920 f i njsOracle.obj
 0001:0000aa00       ?_Init@?$numpunct@D@std@@IEAAXAEBV_Locinfo@2@_N@Z 000000018000ba00 f i njsOracle.obj
 0001:0000ab30       ??_E?$basic_stringstream@DU?$char_traits@D@std@@V?$allocator@D@2@@std@@$4PPPPPPPM@A@EAAPEAXI@Z 000000018000bb30 f i njsOracle.obj
 0001:0000ab3c       ??_E?$basic_iostream@DU?$char_traits@D@std@@@std@@$4PPPPPPPM@A@EAAPEAXI@Z 000000018000bb3c f i njsOracle.obj
 0001:0000ab48       ??_E?$basic_ostream@DU?$char_traits@D@std@@@std@@$4PPPPPPPM@A@EAAPEAXI@Z 000000018000bb48 f i njsOracle.obj
 0001:0000ab54       ??_E?$basic_istream@DU?$char_traits@D@std@@@std@@$4PPPPPPPM@A@EAAPEAXI@Z 000000018000bb54 f i njsOracle.obj
 0001:0000ab60       ??0poolBaton@@QEAA@V?$Local@VFunction@v8@@@v8@@V?$Local@VObject@v8@@@2@@Z 000000018000bb60 f i njsPool.obj
 0001:0000ac80       ??1poolBaton@@QEAA@XZ      000000018000bc80 f i njsPool.obj
 0001:0000ad40       ??_GPool@@EEAAPEAXI@Z      000000018000bd40 f i njsPool.obj
 0001:0000ad40       ??_GConnection@@EEAAPEAXI@Z 000000018000bd40 f i njsConnection.obj
 0001:0000ad40       ??_EPool@@EEAAPEAXI@Z      000000018000bd40 f i * CIL library *:* CIL module *
 0001:0000ad40       ??_GResultSet@@UEAAPEAXI@Z 000000018000bd40 f i njsResultSet.obj
 0001:0000ad40       ??_EConnection@@EEAAPEAXI@Z 000000018000bd40 f i * CIL library *:* CIL module *
 0001:0000ad40       ??_EResultSet@@UEAAPEAXI@Z 000000018000bd40 f i * CIL library *:* CIL module *
 0001:0000ad70       ??1Connection@@EEAA@XZ     000000018000bd70 f   njsConnection.obj
 0001:0000ad70       ??1ResultSet@@UEAA@XZ      000000018000bd70 f   njsResultSet.obj
 0001:0000ad70       ??1Pool@@EEAA@XZ           000000018000bd70 f   njsPool.obj
 0001:0000adf0       ?Init@Pool@@SAXV?$Local@VObject@v8@@@v8@@@Z 000000018000bdf0 f   njsPool.obj
 0001:0000b270       ?New@Pool@@CAXAEBV?$FunctionCallbackInfo@VValue@v8@@@Nan@@@Z 000000018000c270 f   njsPool.obj
 0001:0000b2e0       ?getPoolProperty@Pool@@CA?AV?$Local@VPrimitive@v8@@@v8@@PEAV1@I@Z 000000018000c2e0 f   njsPool.obj
 0001:0000b440       ?GetPoolMin@Pool@@CAXV?$Local@VString@v8@@@v8@@AEBV?$PropertyCallbackInfo@VValue@v8@@@Nan@@@Z 000000018000c440 f   njsPool.obj
 0001:0000b510       ?GetPoolMax@Pool@@CAXV?$Local@VString@v8@@@v8@@AEBV?$PropertyCallbackInfo@VValue@v8@@@Nan@@@Z 000000018000c510 f   njsPool.obj
 0001:0000b5e0       ?GetPoolIncrement@Pool@@CAXV?$Local@VString@v8@@@v8@@AEBV?$PropertyCallbackInfo@VValue@v8@@@Nan@@@Z 000000018000c5e0 f   njsPool.obj
 0001:0000b6b0       ?GetPoolTimeout@Pool@@CAXV?$Local@VString@v8@@@v8@@AEBV?$PropertyCallbackInfo@VValue@v8@@@Nan@@@Z 000000018000c6b0 f   njsPool.obj
 0001:0000b780       ?GetConnectionsOpen@Pool@@CAXV?$Local@VString@v8@@@v8@@AEBV?$PropertyCallbackInfo@VValue@v8@@@Nan@@@Z 000000018000c780 f   njsPool.obj
 0001:0000b8e0       ?GetConnectionsInUse@Pool@@CAXV?$Local@VString@v8@@@v8@@AEBV?$PropertyCallbackInfo@VValue@v8@@@Nan@@@Z 000000018000c8e0 f   njsPool.obj
 0001:0000ba40       ?GetStmtCacheSize@Pool@@CAXV?$Local@VString@v8@@@v8@@AEBV?$PropertyCallbackInfo@VValue@v8@@@Nan@@@Z 000000018000ca40 f   njsPool.obj
 0001:0000bb10       ?setPoolProperty@Pool@@CAXPEAV1@V?$basic_string@DU?$char_traits@D@std@@V?$allocator@D@2@@std@@@Z 000000018000cb10 f   njsPool.obj
 0001:0000bcc0       ?SetPoolMin@Pool@@CAXV?$Local@VString@v8@@@v8@@V?$Local@VValue@v8@@@3@AEBV?$PropertyCallbackInfo@X@Nan@@@Z 000000018000ccc0 f   njsPool.obj
 0001:0000bd30       ?SetPoolMax@Pool@@CAXV?$Local@VString@v8@@@v8@@V?$Local@VValue@v8@@@3@AEBV?$PropertyCallbackInfo@X@Nan@@@Z 000000018000cd30 f   njsPool.obj
 0001:0000bda0       ?SetPoolIncrement@Pool@@CAXV?$Local@VString@v8@@@v8@@V?$Local@VValue@v8@@@3@AEBV?$PropertyCallbackInfo@X@Nan@@@Z 000000018000cda0 f   njsPool.obj
 0001:0000be10       ?SetPoolTimeout@Pool@@CAXV?$Local@VString@v8@@@v8@@V?$Local@VValue@v8@@@3@AEBV?$PropertyCallbackInfo@X@Nan@@@Z 000000018000ce10 f   njsPool.obj
 0001:0000be80       ?SetConnectionsOpen@Pool@@CAXV?$Local@VString@v8@@@v8@@V?$Local@VValue@v8@@@3@AEBV?$PropertyCallbackInfo@X@Nan@@@Z 000000018000ce80 f   njsPool.obj
 0001:0000bef0       ?SetConnectionsInUse@Pool@@CAXV?$Local@VString@v8@@@v8@@V?$Local@VValue@v8@@@3@AEBV?$PropertyCallbackInfo@X@Nan@@@Z 000000018000cef0 f   njsPool.obj
 0001:0000bf60       ?SetStmtCacheSize@Pool@@CAXV?$Local@VString@v8@@@v8@@V?$Local@VValue@v8@@@3@AEBV?$PropertyCallbackInfo@X@Nan@@@Z 000000018000cf60 f   njsPool.obj
 0001:0000bfd0       ?GetConnection@Pool@@CAXAEBV?$FunctionCallbackInfo@VValue@v8@@@Nan@@@Z 000000018000cfd0 f   njsPool.obj
 0001:0000c290       ?Async_GetConnection@Pool@@CAXPEAUuv_work_s@@@Z 000000018000d290 f   njsPool.obj
 0001:0000c440       ?Async_AfterGetConnection@Pool@@CAXPEAUuv_work_s@@@Z 000000018000d440 f   njsPool.obj
 0001:0000c6b0       ?Terminate@Pool@@CAXAEBV?$FunctionCallbackInfo@VValue@v8@@@Nan@@@Z 000000018000d6b0 f   njsPool.obj
 0001:0000c950       ?Async_Terminate@Pool@@CAXPEAUuv_work_s@@@Z 000000018000d950 f   njsPool.obj
 0001:0000c9b0       ?Async_AfterTerminate@Pool@@CAXPEAUuv_work_s@@@Z 000000018000d9b0 f   njsPool.obj
 0001:0000cb80       ??1RefCounter@@QEAA@XZ     000000018000db80 f i njsConnection.obj
 0001:0000cb90       ??0MetaInfo@@QEAA@XZ       000000018000db90 f i njsConnection.obj
 0001:0000cbe0       ??0fetchInfo@@QEAA@XZ      000000018000dbe0 f i njsConnection.obj
 0001:0000cc20       ??0eBaton@@QEAA@AEAIV?$Local@VFunction@v8@@@v8@@V?$Local@VObject@v8@@@2@@Z 000000018000dc20 f i njsConnection.obj
 0001:0000cde0       ??1eBaton@@QEAA@XZ         000000018000dde0 f i njsConnection.obj
 0001:0000d220       ?GetValueType@Connection@@CA?AW4ValueType@@V?$Local@VValue@v8@@@v8@@@Z 000000018000e220 f i njsConnection.obj
 0001:0000d330       ?Init@Connection@@SAXV?$Local@VObject@v8@@@v8@@@Z 000000018000e330 f   njsConnection.obj
 0001:0000d720       ?New@Connection@@CAXAEBV?$FunctionCallbackInfo@VValue@v8@@@Nan@@@Z 000000018000e720 f   njsConnection.obj
 0001:0000d7a0       ?connectionPropertyException@Connection@@CAXPEAV1@W4NJSErrorType@@V?$basic_string@DU?$char_traits@D@std@@V?$allocator@D@2@@std@@@Z 000000018000e7a0 f   njsConnection.obj
 0001:0000d900       ?GetStmtCacheSize@Connection@@CAXV?$Local@VString@v8@@@v8@@AEBV?$PropertyCallbackInfo@VValue@v8@@@Nan@@@Z 000000018000e900 f   njsConnection.obj
 0001:0000da80       ?SetStmtCacheSize@Connection@@CAXV?$Local@VString@v8@@@v8@@V?$Local@VValue@v8@@@3@AEBV?$PropertyCallbackInfo@X@Nan@@@Z 000000018000ea80 f   njsConnection.obj
 0001:0000db40       ?GetClientId@Connection@@CAXV?$Local@VString@v8@@@v8@@AEBV?$PropertyCallbackInfo@VValue@v8@@@Nan@@@Z 000000018000eb40 f   njsConnection.obj
 0001:0000db40       ?GetAction@Connection@@CAXV?$Local@VString@v8@@@v8@@AEBV?$PropertyCallbackInfo@VValue@v8@@@Nan@@@Z 000000018000eb40 f   njsConnection.obj
 0001:0000db40       ?GetModule@Connection@@CAXV?$Local@VString@v8@@@v8@@AEBV?$PropertyCallbackInfo@VValue@v8@@@Nan@@@Z 000000018000eb40 f   njsConnection.obj
 0001:0000db60       ?SetClientId@Connection@@CAXV?$Local@VString@v8@@@v8@@V?$Local@VValue@v8@@@3@AEBV?$PropertyCallbackInfo@X@Nan@@@Z 000000018000eb60 f   njsConnection.obj
 0001:0000de20       ?SetModule@Connection@@CAXV?$Local@VString@v8@@@v8@@V?$Local@VValue@v8@@@3@AEBV?$PropertyCallbackInfo@X@Nan@@@Z 000000018000ee20 f   njsConnection.obj
 0001:0000e0e0       ?SetAction@Connection@@CAXV?$Local@VString@v8@@@v8@@V?$Local@VValue@v8@@@3@AEBV?$PropertyCallbackInfo@X@Nan@@@Z 000000018000f0e0 f   njsConnection.obj
 0001:0000e3a0       ?GetOracleServerVersion@Connection@@CAXV?$Local@VString@v8@@@v8@@AEBV?$PropertyCallbackInfo@VValue@v8@@@Nan@@@Z 000000018000f3a0 f   njsConnection.obj
 0001:0000e570       ?SetOracleServerVersion@Connection@@CAXV?$Local@VString@v8@@@v8@@V?$Local@VValue@v8@@@3@AEBV?$PropertyCallbackInfo@X@Nan@@@Z 000000018000f570 f   njsConnection.obj
 0001:0000e630       ?Execute@Connection@@CAXAEBV?$FunctionCallbackInfo@VValue@v8@@@Nan@@@Z 000000018000f630 f   njsConnection.obj
 0001:0000eaf0       ?ProcessBinds@Connection@@CAXAEBV?$FunctionCallbackInfo@VValue@v8@@@Nan@@IPEAUeBaton@@@Z 000000018000faf0 f   njsConnection.obj
 0001:0000eca0       ?ProcessOptions@Connection@@CAXAEBV?$FunctionCallbackInfo@VValue@v8@@@Nan@@IPEAUeBaton@@@Z 000000018000fca0 f   njsConnection.obj
 0001:0000f620       ?GetBinds@Connection@@CAXV?$Local@VObject@v8@@@v8@@PEAUeBaton@@@Z 0000000180010620 f   njsConnection.obj
 0001:0000f9f0       ?GetBinds@Connection@@CAXV?$Local@VArray@v8@@@v8@@PEAUeBaton@@@Z 00000001800109f0 f   njsConnection.obj
 0001:0000fb10       ?GetBindUnit@Connection@@CAXV?$Local@VValue@v8@@@v8@@PEAUBind@@_NPEAUeBaton@@@Z 0000000180010b10 f   njsConnection.obj
 0001:00010400       ?GetOutBindParams@Connection@@CAXGPEAUBind@@PEAUeBaton@@@Z 0000000180011400 f   njsConnection.obj
 0001:00010640       ?GetInBindParams@Connection@@CAXV?$Local@VValue@v8@@@v8@@PEAUBind@@PEAUeBaton@@@Z 0000000180011640 f   njsConnection.obj
 0001:000106b0       ?GetInBindParamsScalar@Connection@@CAXV?$Local@VValue@v8@@@v8@@PEAUBind@@PEAUeBaton@@@Z 00000001800116b0 f   njsConnection.obj
 0001:00010d20       ?GetInBindParamsArray@Connection@@CAXV?$Local@VArray@v8@@@v8@@PEAUBind@@PEAUeBaton@@@Z 0000000180011d20 f   njsConnection.obj
 0001:00011460       ?AllocateBindArray@Connection@@CA_NGPEAUBind@@PEAUeBaton@@PEA_K@Z 0000000180012460 f   njsConnection.obj
 0001:00011730       ?Async_Execute@Connection@@CAXPEAUuv_work_s@@@Z 0000000180012730 f   njsConnection.obj
 0001:000120f0       ?PrepareAndBind@Connection@@CAXPEAUeBaton@@@Z 00000001800130f0 f   njsConnection.obj
 0001:00012600       ?CopyMetaData@Connection@@SAXPEAUMetaInfo@@PEAUeBaton@@PEBUMetaData@dpi@@I@Z 0000000180013600 f   njsConnection.obj
 0001:00012b00       ?SourceDBType2TargetDBType@Connection@@CAGI@Z 0000000180013b00 f   njsConnection.obj
 0001:00012c40       ?MapByName@Connection@@CAHPEAUeBaton@@AEAV?$basic_string@DU?$char_traits@D@std@@V?$allocator@D@2@@std@@AEAG@Z 0000000180013c40 f   njsConnection.obj
 0001:00012d10       ?MapByType@Connection@@CAHPEAUeBaton@@AEAG@Z 0000000180013d10 f   njsConnection.obj
 0001:00012e80       ?DoDefines@Connection@@SAXPEAUeBaton@@@Z 0000000180013e80 f   njsConnection.obj
 0001:00013780       ?DoFetch@Connection@@SAXPEAUeBaton@@@Z 0000000180014780 f   njsConnection.obj
 0001:00013880       ?Descr2Double@Connection@@CA?AW4NJSErrorType@@PEAUDefine@@II_N@Z 0000000180014880 f   njsConnection.obj
 0001:00013970       ?Descr2protoILob@Connection@@CAXPEAUeBaton@@II@Z 0000000180014970 f   njsConnection.obj
 0001:00013c60       ?Async_AfterExecute@Connection@@CAXPEAUuv_work_s@@@Z 0000000180014c60 f   njsConnection.obj
 0001:000147d0       ?GetMetaData@Connection@@SA?AV?$Local@VValue@v8@@@v8@@PEBUMetaInfo@@I_N@Z 00000001800157d0 f   njsConnection.obj
 0001:00014ed0       ?GetRows@Connection@@SA?AV?$Local@VValue@v8@@@v8@@PEAUeBaton@@@Z 0000000180015ed0 f   njsConnection.obj
 0001:00015280       ?GetValue@Connection@@CA?AV?$Local@VValue@v8@@@v8@@PEAUeBaton@@_NII@Z 0000000180016280 f   njsConnection.obj
 0001:00015430       ?GetValueRefCursor@Connection@@CA?AV?$Local@VValue@v8@@@v8@@PEAUeBaton@@PEAUBind@@PEAUExtBind@@@Z 0000000180016430 f   njsConnection.obj
 0001:00015550       ?GetValueLob@Connection@@CA?AV?$Local@VValue@v8@@@v8@@PEAUeBaton@@PEAUBind@@@Z 0000000180016550 f   njsConnection.obj
 0001:00015620       ?GetValueCommon@Connection@@CA?AV?$Local@VValue@v8@@@v8@@PEAUeBaton@@FGPEAXI@Z 0000000180016620 f   njsConnection.obj
 0001:000159c0       ?GetArrayValue@Connection@@CA?AV?$Local@VValue@v8@@@v8@@PEAUeBaton@@PEAUBind@@K@Z 00000001800169c0 f   njsConnection.obj
 0001:00015eb0       ?GetOutBinds@Connection@@CA?AV?$Local@VValue@v8@@@v8@@PEAUeBaton@@@Z 0000000180016eb0 f   njsConnection.obj
 0001:00015f50       ?GetOutBindArray@Connection@@CA?AV?$Local@VValue@v8@@@v8@@PEAUeBaton@@@Z 0000000180016f50 f   njsConnection.obj
 0001:000160b0       ?GetOutBindObject@Connection@@CA?AV?$Local@VValue@v8@@@v8@@PEAUeBaton@@@Z 00000001800170b0 f   njsConnection.obj
 0001:00016280       ?Release@Connection@@CAXAEBV?$FunctionCallbackInfo@VValue@v8@@@Nan@@@Z 0000000180017280 f   njsConnection.obj
 0001:00016640       ?Async_Release@Connection@@CAXPEAUuv_work_s@@@Z 0000000180017640 f   njsConnection.obj
 0001:000166e0       ?Async_AfterRelease@Connection@@CAXPEAUuv_work_s@@@Z 00000001800176e0 f   njsConnection.obj
 0001:000168b0       ?Commit@Connection@@CAXAEBV?$FunctionCallbackInfo@VValue@v8@@@Nan@@@Z 00000001800178b0 f   njsConnection.obj
 0001:00016b80       ?Async_Commit@Connection@@CAXPEAUuv_work_s@@@Z 0000000180017b80 f   njsConnection.obj
 0001:00016bd0       ?Async_AfterRollback@Connection@@CAXPEAUuv_work_s@@@Z 0000000180017bd0 f   njsConnection.obj
 0001:00016bd0       ?Async_AfterCommit@Connection@@CAXPEAUuv_work_s@@@Z 0000000180017bd0 f   njsConnection.obj
 0001:00016bd0       ?Async_AfterBreak@Connection@@CAXPEAUuv_work_s@@@Z 0000000180017bd0 f   njsConnection.obj
 0001:00016d80       ?Rollback@Connection@@CAXAEBV?$FunctionCallbackInfo@VValue@v8@@@Nan@@@Z 0000000180017d80 f   njsConnection.obj
 0001:00017050       ?Async_Rollback@Connection@@CAXPEAUuv_work_s@@@Z 0000000180018050 f   njsConnection.obj
 0001:000170a0       ?Break@Connection@@CAXAEBV?$FunctionCallbackInfo@VValue@v8@@@Nan@@@Z 00000001800180a0 f   njsConnection.obj
 0001:00017370       ?Async_Break@Connection@@CAXPEAUuv_work_s@@@Z 0000000180018370 f   njsConnection.obj
 0001:000173c0       ?v8Date2OraDate@Connection@@CAXV?$Local@VValue@v8@@@v8@@PEAUBind@@@Z 00000001800183c0 f   njsConnection.obj
 0001:00017460       ?cbDynBufferAllocate@Connection@@CAXPEAX_NII@Z 0000000180018460 f   njsConnection.obj
 0001:00017c00       ?cbDynBufferGet@Connection@@CAHPEAX_JIKKPEAPEAX22PEAPEAGPEAE@Z 0000000180018c00 f   njsConnection.obj
 0001:00017e60       ?NewLob@Connection@@CA?AV?$Local@VValue@v8@@@v8@@PEAUeBaton@@PEAVProtoILob@@@Z 0000000180018e60 f   njsConnection.obj
 0001:00018000       ?compare@?$basic_string@DU?$char_traits@D@std@@V?$allocator@D@2@@std@@QEBAHAEBV12@@Z 0000000180019000 f i njsConnection.obj
 0001:00018080       ??0?$vector@PEAUBind@@V?$allocator@PEAUBind@@@std@@@std@@QEAA@AEBV01@@Z 0000000180019080 f i njsConnection.obj
 0001:00018140       ??1?$vector@PEAUBind@@V?$allocator@PEAUBind@@@std@@@std@@QEAA@XZ 0000000180019140 f i njsConnection.obj
 0001:00018140       ??1?$vector@PEAUExtBind@@V?$allocator@PEAUExtBind@@@std@@@std@@QEAA@XZ 0000000180019140 f i njsConnection.obj
 0001:00018170       ?push_back@?$vector@PEAUBind@@V?$allocator@PEAUBind@@@std@@@std@@QEAAXAEBQEAUBind@@@Z 0000000180019170 f i njsConnection.obj
 0001:00018200       ?_Reserve@?$vector@PEAUBind@@V?$allocator@PEAUBind@@@std@@@std@@IEAAX_K@Z 0000000180019200 f i njsConnection.obj
 0001:00018290       ?_Reallocate@?$vector@PEAUExtBind@@V?$allocator@PEAUExtBind@@@std@@@std@@IEAAX_K@Z 0000000180019290 f i njsConnection.obj
 0001:00018290       ?_Reallocate@?$vector@PEAUBind@@V?$allocator@PEAUBind@@@std@@@std@@IEAAX_K@Z 0000000180019290 f i njsConnection.obj
 0001:00018340       ??$?HDU?$char_traits@D@std@@V?$allocator@D@1@@std@@YA?AV?$basic_string@DU?$char_traits@D@std@@V?$allocator@D@2@@0@PEBD$$QEAV10@@Z 0000000180019340 f i njsConnection.obj
 0001:00018380       ?insert@?$basic_string@DU?$char_traits@D@std@@V?$allocator@D@2@@std@@QEAAAEAV12@_KPEBD0@Z 0000000180019380 f i njsConnection.obj
 0001:000184c0       ?insert@?$basic_string@DU?$char_traits@D@std@@V?$allocator@D@2@@std@@QEAAAEAV12@_KAEBV12@00@Z 00000001800194c0 f i njsConnection.obj
 0001:00018620       ??0rsBaton@@QEAA@AEAIV?$Local@VFunction@v8@@@v8@@V?$Local@VObject@v8@@@2@2@Z 0000000180019620 f i njsResultSet.obj
 0001:00018710       ??1rsBaton@@QEAA@XZ        0000000180019710 f i njsResultSet.obj
 0001:000187b0       ?setResultSet@ResultSet@@QEAAXPEAVStmt@dpi@@PEAUeBaton@@IPEBUMetaInfo@@@Z 00000001800197b0 f   njsResultSet.obj
 0001:00018a20       ?Init@ResultSet@@SAXV?$Local@VObject@v8@@@v8@@@Z 0000000180019a20 f   njsResultSet.obj
 0001:00018c40       ?New@ResultSet@@CAXAEBV?$FunctionCallbackInfo@VValue@v8@@@Nan@@@Z 0000000180019c40 f   njsResultSet.obj
 0001:00018cb0       ?GetMetaData@ResultSet@@CAXV?$Local@VString@v8@@@v8@@AEBV?$PropertyCallbackInfo@VValue@v8@@@Nan@@@Z 0000000180019cb0 f   njsResultSet.obj
 0001:00018e60       ?SetMetaData@ResultSet@@CAXV?$Local@VString@v8@@@v8@@V?$Local@VValue@v8@@@3@AEBV?$PropertyCallbackInfo@X@Nan@@@Z 0000000180019e60 f   njsResultSet.obj
 0001:00018fc0       ?GetRow@ResultSet@@CAXAEBV?$FunctionCallbackInfo@VValue@v8@@@Nan@@@Z 0000000180019fc0 f   njsResultSet.obj
 0001:00019290       ?GetRows@ResultSet@@CAXAEBV?$FunctionCallbackInfo@VValue@v8@@@Nan@@@Z 000000018001a290 f   njsResultSet.obj
 0001:00019620       ?GetRowsCommon@ResultSet@@CAXPEAUrsBaton@@@Z 000000018001a620 f   njsResultSet.obj
 0001:000197e0       ?Async_GetRows@ResultSet@@CAXPEAUuv_work_s@@@Z 000000018001a7e0 f   njsResultSet.obj
 0001:000199e0       ?Async_AfterGetRows@ResultSet@@CAXPEAUuv_work_s@@@Z 000000018001a9e0 f   njsResultSet.obj
 0001:00019c40       ?Close@ResultSet@@CAXAEBV?$FunctionCallbackInfo@VValue@v8@@@Nan@@@Z 000000018001ac40 f   njsResultSet.obj
 0001:00019f90       ?Async_Close@ResultSet@@CAXPEAUuv_work_s@@@Z 000000018001af90 f   njsResultSet.obj
 0001:0001a060       ?Async_AfterClose@ResultSet@@CAXPEAUuv_work_s@@@Z 000000018001b060 f   njsResultSet.obj
 0001:0001a260       ?clearFetchBuffer@ResultSet@@CAXPEAUDefine@@II@Z 000000018001b260 f   njsResultSet.obj
 0001:0001a340       ?getErrorMsg@NJSMessages@@SA?AV?$basic_string@DU?$char_traits@D@std@@V?$allocator@D@2@@std@@W4NJSErrorType@@ZZ 000000018001b340 f   njsMessages.obj
 0001:0001a420       ??0LobBaton@@QEAA@AEAIV?$Local@VFunction@v8@@@v8@@V?$Local@VObject@v8@@@2@@Z 000000018001b420 f i njsIntLob.obj
 0001:0001a540       ??0LobBaton@@QEAA@AEAIV?$Local@VObject@v8@@@v8@@V?$Local@VFunction@v8@@@2@1@Z 000000018001b540 f i njsIntLob.obj
 0001:0001a690       ??1LobBaton@@QEAA@XZ       000000018001b690 f i njsIntLob.obj
 0001:0001a740       ??_GILob@@EEAAPEAXI@Z      000000018001b740 f i njsIntLob.obj
 0001:0001a740       ??_EILob@@EEAAPEAXI@Z      000000018001b740 f i * CIL library *:* CIL module *
 0001:0001a770       ??1ILob@@EEAA@XZ           000000018001b770 f   njsIntLob.obj
 0001:0001a800       ?cleanup@ILob@@AEAAXXZ     000000018001b800 f   njsIntLob.obj
 0001:0001a880       ?setILob@ILob@@QEAAXPEAUeBaton@@PEAVProtoILob@@@Z 000000018001b880 f   njsIntLob.obj
 0001:0001a9d0       ?Init@ILob@@SAXV?$Local@VObject@v8@@@v8@@@Z 000000018001b9d0 f   njsIntLob.obj
 0001:0001ad90       ?New@ILob@@CAXAEBV?$FunctionCallbackInfo@VValue@v8@@@Nan@@@Z 000000018001bd90 f   njsIntLob.obj
 0001:0001ae40       ?Release@ILob@@CAXAEBV?$FunctionCallbackInfo@VValue@v8@@@Nan@@@Z 000000018001be40 f   njsIntLob.obj
 0001:0001afa0       ?lobPropertyException@ILob@@CAXPEAV1@W4NJSErrorType@@V?$basic_string@DU?$char_traits@D@std@@V?$allocator@D@2@@std@@@Z 000000018001bfa0 f   njsIntLob.obj
 0001:0001b100       ?GetChunkSize@ILob@@CAXV?$Local@VString@v8@@@v8@@AEBV?$PropertyCallbackInfo@VValue@v8@@@Nan@@@Z 000000018001c100 f   njsIntLob.obj
 0001:0001b340       ?SetChunkSize@ILob@@CAXV?$Local@VString@v8@@@v8@@V?$Local@VValue@v8@@@3@AEBV?$PropertyCallbackInfo@X@Nan@@@Z 000000018001c340 f   njsIntLob.obj
 0001:0001b400       ?GetLength@ILob@@CAXV?$Local@VString@v8@@@v8@@AEBV?$PropertyCallbackInfo@VValue@v8@@@Nan@@@Z 000000018001c400 f   njsIntLob.obj
 0001:0001b610       ?SetLength@ILob@@CAXV?$Local@VString@v8@@@v8@@V?$Local@VValue@v8@@@3@AEBV?$PropertyCallbackInfo@X@Nan@@@Z 000000018001c610 f   njsIntLob.obj
 0001:0001b6d0       ?GetPieceSize@ILob@@CAXV?$Local@VString@v8@@@v8@@AEBV?$PropertyCallbackInfo@VValue@v8@@@Nan@@@Z 000000018001c6d0 f   njsIntLob.obj
 0001:0001b910       ?SetPieceSize@ILob@@CAXV?$Local@VString@v8@@@v8@@V?$Local@VValue@v8@@@3@AEBV?$PropertyCallbackInfo@X@Nan@@@Z 000000018001c910 f   njsIntLob.obj
 0001:0001bbc0       ?GetOffset@ILob@@CAXV?$Local@VString@v8@@@v8@@AEBV?$PropertyCallbackInfo@VValue@v8@@@Nan@@@Z 000000018001cbc0 f   njsIntLob.obj
 0001:0001be00       ?SetOffset@ILob@@CAXV?$Local@VString@v8@@@v8@@V?$Local@VValue@v8@@@3@AEBV?$PropertyCallbackInfo@X@Nan@@@Z 000000018001ce00 f   njsIntLob.obj
 0001:0001c0a0       ?GetType@ILob@@CAXV?$Local@VString@v8@@@v8@@AEBV?$PropertyCallbackInfo@VValue@v8@@@Nan@@@Z 000000018001d0a0 f   njsIntLob.obj
 0001:0001c1a0       ?SetType@ILob@@CAXV?$Local@VString@v8@@@v8@@V?$Local@VValue@v8@@@3@AEBV?$PropertyCallbackInfo@X@Nan@@@Z 000000018001d1a0 f   njsIntLob.obj
 0001:0001c260       ?Read@ILob@@CAXAEBV?$FunctionCallbackInfo@VValue@v8@@@Nan@@@Z 000000018001d260 f   njsIntLob.obj
 0001:0001c550       ?Async_Read@ILob@@CAXPEAUuv_work_s@@@Z 000000018001d550 f   njsIntLob.obj
 0001:0001c690       ?Async_AfterRead@ILob@@CAXPEAUuv_work_s@@@Z 000000018001d690 f   njsIntLob.obj
 0001:0001c8e0       ?Write@ILob@@CAXAEBV?$FunctionCallbackInfo@VValue@v8@@@Nan@@@Z 000000018001d8e0 f   njsIntLob.obj
 0001:0001cc20       ?Async_Write@ILob@@CAXPEAUuv_work_s@@@Z 000000018001dc20 f   njsIntLob.obj
 0001:0001cd50       ?Async_AfterWrite@ILob@@CAXPEAUuv_work_s@@@Z 000000018001dd50 f   njsIntLob.obj
 0001:0001cf10       ??0ProtoILob@@QEAA@PEAUeBaton@@PEAUDescriptor@dpi@@G@Z 000000018001df10 f   njsIntLob.obj
 0001:0001d030       ?cleanup@ProtoILob@@AEAAXXZ 000000018001e030 f   njsIntLob.obj
 0001:0001d080       ??_EEnv@dpi@@MEAAPEAXI@Z   000000018001e080 f i * CIL library *:* CIL module *
 0001:0001d080       ??_GEnv@dpi@@MEAAPEAXI@Z   000000018001e080 f i dpiEnv.obj
 0001:0001d0b0       ??1Env@dpi@@MEAA@XZ        000000018001e0b0 f   dpiEnv.obj
 0001:0001d0c0       ??0exception@stdext@@QEAA@AEBV01@@Z 000000018001e0c0 f i dpiEnvImpl.obj
 0001:0001d0e0       ??0EnvImpl@@QEAA@AEBV?$basic_string@DU?$char_traits@D@std@@V?$allocator@D@2@@std@@II@Z 000000018001e0e0 f   dpiEnvImpl.obj
 0001:0001d220       ??_EEnvImpl@@UEAAPEAXI@Z   000000018001e220 f i * CIL library *:* CIL module *
 0001:0001d220       ??_GEnvImpl@@UEAAPEAXI@Z   000000018001e220 f i dpiEnvImpl.obj
 0001:0001d2a0       ??0ExceptionImpl@@QEAA@AEBV0@@Z 000000018001e2a0 f i dpiEnvImpl.obj
 0001:0001d340       ??0Exception@dpi@@QEAA@AEBV01@@Z 000000018001e340 f i dpiEnvImpl.obj
 0001:0001d360       ??_GExceptionImpl@@UEAAPEAXI@Z 000000018001e360 f i dpiEnvImpl.obj
 0001:0001d360       ??_EExceptionImpl@@UEAAPEAXI@Z 000000018001e360 f i * CIL library *:* CIL module *
 0001:0001d390       ?terminate@EnvImpl@@UEAAXXZ 000000018001e390 f   dpiEnvImpl.obj
 0001:0001d3e0       ?poolMax@EnvImpl@@UEAAXI@Z 000000018001e3e0 f   dpiEnvImpl.obj
 0001:0001d3f0       ?poolMax@EnvImpl@@UEBAIXZ  000000018001e3f0 f   dpiEnvImpl.obj
 0001:0001d400       ?poolMin@EnvImpl@@UEAAXI@Z 000000018001e400 f   dpiEnvImpl.obj
 0001:0001d410       ?poolMin@EnvImpl@@UEBAIXZ  000000018001e410 f   dpiEnvImpl.obj
 0001:0001d420       ?poolIncrement@EnvImpl@@UEAAXI@Z 000000018001e420 f   dpiEnvImpl.obj
 0001:0001d430       ?poolIncrement@EnvImpl@@UEBAIXZ 000000018001e430 f   dpiEnvImpl.obj
 0001:0001d440       ?poolTimeout@EnvImpl@@UEAAXI@Z 000000018001e440 f   dpiEnvImpl.obj
 0001:0001d450       ?poolTimeout@EnvImpl@@UEBAIXZ 000000018001e450 f   dpiEnvImpl.obj
 0001:0001d460       ?drvName@EnvImpl@@UEAAAEBV?$basic_string@DU?$char_traits@D@std@@V?$allocator@D@2@@std@@XZ 000000018001e460 f   dpiEnvImpl.obj
 0001:0001d470       ?externalAuth@EnvImpl@@UEAAX_N@Z 000000018001e470 f   dpiEnvImpl.obj
 0001:0001d480       ?externalAuth@EnvImpl@@UEBA_NXZ 000000018001e480 f   dpiEnvImpl.obj
 0001:0001d490       ?isEventEnabled@EnvImpl@@UEAAX_N@Z 000000018001e490 f   dpiEnvImpl.obj
 0001:0001d4a0       ?isEventEnabled@EnvImpl@@UEBA_NXZ 000000018001e4a0 f   dpiEnvImpl.obj
 0001:0001d4b0       ?dbcharset@EnvImpl@@UEBAIXZ 000000018001e4b0 f   dpiEnvImpl.obj
 0001:0001d4c0       ?dbncharset@EnvImpl@@UEBAIXZ 000000018001e4c0 f   dpiEnvImpl.obj
 0001:0001d4d0       ?createPool@EnvImpl@@UEAAPEAVSPool@dpi@@AEBV?$basic_string@DU?$char_traits@D@std@@V?$allocator@D@2@@std@@00HHHHH_N1@Z 000000018001e4d0 f   dpiEnvImpl.obj
 0001:0001d5e0       ?getConnection@EnvImpl@@UEAAPEAVConn@dpi@@AEBV?$basic_string@DU?$char_traits@D@std@@V?$allocator@D@2@@std@@00H0_NW4DBPrivileges@3@@Z 000000018001e5e0 f   dpiEnvImpl.obj
 0001:0001d690       ?terminatePool@EnvImpl@@UEAAXPEAVPoolImpl@@@Z 000000018001e690 f   dpiEnvImpl.obj
 0001:0001d690       ?releaseDateTimeArray@EnvImpl@@UEBAXPEAVDateTimeArray@dpi@@@Z 000000018001e690 f   dpiEnvImpl.obj
 0001:0001d6b0       ?releaseConnection@EnvImpl@@UEAAXPEAVConnImpl@@@Z 000000018001e6b0 f   dpiEnvImpl.obj
 0001:0001d6b0       ?releaseConnection@PoolImpl@@UEAAXPEAVConnImpl@@@Z 000000018001e6b0 f   dpiPoolImpl.obj
 0001:0001d6d0       ?getDateTimeArray@EnvImpl@@UEBAPEAVDateTimeArray@dpi@@PEAUOCIError@@@Z 000000018001e6d0 f   dpiEnvImpl.obj
 0001:0001d770       ?allocHandle@EnvImpl@@UEAAPEAUDpiHandle@dpi@@W4HandleType@3@@Z 000000018001e770 f   dpiEnvImpl.obj
 0001:0001d7c0       ?allocDescriptor@EnvImpl@@UEAAPEAUDescriptor@dpi@@W4DescriptorType@3@@Z 000000018001e7c0 f   dpiEnvImpl.obj
 0001:0001d810       ?allocDescriptorArray@EnvImpl@@UEAAXW4DescriptorType@dpi@@IQEAPEAUDescriptor@3@@Z 000000018001e810 f   dpiEnvImpl.obj
 0001:0001d850       ?envHandle@EnvImpl@@UEBAPEAUDpiHandle@dpi@@XZ 000000018001e850 f   dpiEnvImpl.obj
 0001:0001d860       ??0ExceptionImpl@@QEAA@W4DpiError@dpi@@@Z 000000018001e860 f   dpiExceptionImpl.obj
 0001:0001da40       ??1ExceptionImpl@@UEAA@XZ  000000018001ea40 f   dpiExceptionImpl.obj
 0001:0001dab0       ?what@ExceptionImpl@@UEBAPEBDXZ 000000018001eab0 f   dpiExceptionImpl.obj
 0001:0001dac0       ?errnum@ExceptionImpl@@UEBAHXZ 000000018001eac0 f   dpiExceptionImpl.obj
 0001:0001dad0       ?origin@ExceptionImpl@@UEBAPEBDXZ 000000018001ead0 f   dpiExceptionImpl.obj
 0001:0001dae0       ??$?6DU?$char_traits@D@std@@V?$allocator@D@1@@std@@YAAEAV?$basic_ostream@DU?$char_traits@D@std@@@0@AEAV10@AEBV?$basic_string@DU?$char_traits@D@std@@V?$allocator@D@2@@0@@Z 000000018001eae0 f i dpiExceptionImpl.obj
 0001:0001dd40       ??1Conn@dpi@@MEAA@XZ       000000018001ed40 f i dpiConnImpl.obj
 0001:0001dd50       ??_GConn@dpi@@MEAAPEAXI@Z  000000018001ed50 f i dpiConnImpl.obj
 0001:0001dd50       ??_EConn@dpi@@MEAAPEAXI@Z  000000018001ed50 f i * CIL library *:* CIL module *
 0001:0001dd80       ?sameTag@ConnImpl@@UEAAHXZ 000000018001ed80 f i dpiConnImpl.obj
 0001:0001dd90       ?getSvch@ConnImpl@@UEAAPEAUDpiHandle@dpi@@XZ 000000018001ed90 f i dpiConnImpl.obj
 0001:0001dda0       ?getErrh@ConnImpl@@UEAAPEAUDpiHandle@dpi@@XZ 000000018001eda0 f i dpiConnImpl.obj
 0001:0001ddb0       ??0ConnImpl@@QEAA@PEAVEnvImpl@@PEAUOCIEnv@@_NIAEBV?$basic_string@DU?$char_traits@D@std@@V?$allocator@D@2@@std@@333W4DBPrivileges@dpi@@@Z 000000018001edb0 f   dpiConnImpl.obj
 0001:0001df70       ??0ConnImpl@@QEAA@PEAVPoolImpl@@PEAUOCIEnv@@_NPEAEIAEBV?$basic_string@DU?$char_traits@D@std@@V?$allocator@D@2@@std@@444HW4DBPrivileges@dpi@@@Z 000000018001ef70 f   dpiConnImpl.obj
 0001:0001e070       ??_EConnImpl@@UEAAPEAXI@Z  000000018001f070 f i * CIL library *:* CIL module *
 0001:0001e070       ??_GConnImpl@@UEAAPEAXI@Z  000000018001f070 f i dpiConnImpl.obj
 0001:0001e0f0       ?release@ConnImpl@@UEAAXAEBV?$basic_string@DU?$char_traits@D@std@@V?$allocator@D@2@@std@@H@Z 000000018001f0f0 f   dpiConnImpl.obj
 0001:0001e1c0       ?releaseStmt@ConnImpl@@UEAAXPEAVStmt@dpi@@@Z 000000018001f1c0 f   dpiConnImpl.obj
 0001:0001e1e0       ?stmtCacheSize@ConnImpl@@UEAAXI@Z 000000018001f1e0 f   dpiConnImpl.obj
 0001:0001e230       ?getByteExpansionRatio@ConnImpl@@UEAAHXZ 000000018001f230 f   dpiConnImpl.obj
 0001:0001e240       ?stmtCacheSize@ConnImpl@@UEBAIXZ 000000018001f240 f   dpiConnImpl.obj
 0001:0001e290       ?lobPrefetchSize@ConnImpl@@UEBAIXZ 000000018001f290 f   dpiConnImpl.obj
 0001:0001e2e0       ?clientId@ConnImpl@@UEAAXAEBV?$basic_string@DU?$char_traits@D@std@@V?$allocator@D@2@@std@@@Z 000000018001f2e0 f   dpiConnImpl.obj
 0001:0001e330       ?module@ConnImpl@@UEAAXAEBV?$basic_string@DU?$char_traits@D@std@@V?$allocator@D@2@@std@@@Z 000000018001f330 f   dpiConnImpl.obj
 0001:0001e380       ?action@ConnImpl@@UEAAXAEBV?$basic_string@DU?$char_traits@D@std@@V?$allocator@D@2@@std@@@Z 000000018001f380 f   dpiConnImpl.obj
 0001:0001e3d0       ?getStmt@ConnImpl@@UEAAPEAVStmt@dpi@@AEBV?$basic_string@DU?$char_traits@D@std@@V?$allocator@D@2@@std@@@Z 000000018001f3d0 f   dpiConnImpl.obj
 0001:0001e430       ?commit@ConnImpl@@UEAAXXZ  000000018001f430 f   dpiConnImpl.obj
 0001:0001e460       ?rollback@ConnImpl@@UEAAXXZ 000000018001f460 f   dpiConnImpl.obj
 0001:0001e490       ?breakExecution@ConnImpl@@UEAAXXZ 000000018001f490 f   dpiConnImpl.obj
 0001:0001e4e0       ?setErrState@ConnImpl@@UEAAXH@Z 000000018001f4e0 f   dpiConnImpl.obj
 0001:0001e520       ?getServerVersion@ConnImpl@@UEAAIXZ 000000018001f520 f   dpiConnImpl.obj
 0001:0001e5a0       ?initConnImpl@ConnImpl@@AEAAX_N0AEBV?$basic_string@DU?$char_traits@D@std@@V?$allocator@D@2@@std@@PEAEI111HW4DBPrivileges@dpi@@@Z 000000018001f5a0 f   dpiConnImpl.obj
 0001:0001e990       ?cleanup@ConnImpl@@AEAAXXZ 000000018001f990 f   dpiConnImpl.obj
 0001:0001ea90       ??1SPool@dpi@@MEAA@XZ      000000018001fa90 f i dpiPoolImpl.obj
 0001:0001ea90       ??1DateTimeArray@dpi@@UEAA@XZ 000000018001fa90 f i dpiDateTimeArrayImpl.obj
 0001:0001eaa0       ??_GSPool@dpi@@MEAAPEAXI@Z 000000018001faa0 f i dpiPoolImpl.obj
 0001:0001eaa0       ??_GDateTimeArray@dpi@@UEAAPEAXI@Z 000000018001faa0 f i dpiDateTimeArrayImpl.obj
 0001:0001eaa0       ??_ESPool@dpi@@MEAAPEAXI@Z 000000018001faa0 f i * CIL library *:* CIL module *
 0001:0001eaa0       ??_EDateTimeArray@dpi@@UEAAPEAXI@Z 000000018001faa0 f i * CIL library *:* CIL module *
 0001:0001ead0       ??_EDateTimeArrayImpl@dpi@@UEAAPEAXI@Z 000000018001fad0 f i * CIL library *:* CIL module *
 0001:0001ead0       ??_GDateTimeArrayImpl@dpi@@UEAAPEAXI@Z 000000018001fad0 f i dpiDateTimeArrayImpl.obj
 0001:0001eb60       ?init@DateTimeArrayImpl@dpi@@UEAAPEAXH@Z 000000018001fb60 f   dpiDateTimeArrayImpl.obj
 0001:0001ec60       ?release@DateTimeArrayImpl@dpi@@UEAAXXZ 000000018001fc60 f   dpiDateTimeArrayImpl.obj
 0001:0001ecb0       ?getDateTime@DateTimeArrayImpl@dpi@@UEAAOH@Z 000000018001fcb0 f   dpiDateTimeArrayImpl.obj
 0001:0001ee80       ?setDateTime@DateTimeArrayImpl@dpi@@UEAAXHO@Z 000000018001fe80 f   dpiDateTimeArrayImpl.obj
 0001:0001f0b0       ?initBaseDate@DateTimeArrayImpl@dpi@@SAXPEAUOCIEnv@@@Z 00000001800200b0 f   dpiDateTimeArrayImpl.obj
 0001:0001f210       ??0PoolImpl@@QEAA@PEAVEnvImpl@@PEAUOCIEnv@@AEBV?$basic_string@DU?$char_traits@D@std@@V?$allocator@D@2@@std@@22HHHH_NH3@Z 0000000180020210 f   dpiPoolImpl.obj
 0001:0001f600       ??_GPoolImpl@@UEAAPEAXI@Z  0000000180020600 f i dpiPoolImpl.obj
 0001:0001f600       ??_EPoolImpl@@UEAAPEAXI@Z  0000000180020600 f i * CIL library *:* CIL module *
 0001:0001f650       ?terminate@PoolImpl@@UEAAXXZ 0000000180020650 f   dpiPoolImpl.obj
 0001:0001f6b0       ?poolTimeout@PoolImpl@@UEAAXI@Z 00000001800206b0 f   dpiPoolImpl.obj
 0001:0001f700       ?stmtCacheSize@PoolImpl@@UEAAXI@Z 0000000180020700 f   dpiPoolImpl.obj
 0001:0001f750       ?connectionsOpen@PoolImpl@@UEBAIXZ 0000000180020750 f   dpiPoolImpl.obj
 0001:0001f7a0       ?connectionsInUse@PoolImpl@@UEBAIXZ 00000001800207a0 f   dpiPoolImpl.obj
 0001:0001f7f0       ?getConnection@PoolImpl@@UEAAPEAVConn@dpi@@AEBV?$basic_string@DU?$char_traits@D@std@@V?$allocator@D@2@@std@@000HW4DBPrivileges@3@@Z 00000001800207f0 f   dpiPoolImpl.obj
 0001:0001f8a0       ?cleanup@PoolImpl@@AEAAXXZ 00000001800208a0 f   dpiPoolImpl.obj
 0001:0001f920       ??1Stmt@dpi@@UEAA@XZ       0000000180020920 f i dpiStmtImpl.obj
 0001:0001f930       ??_GStmt@dpi@@UEAAPEAXI@Z  0000000180020930 f i dpiStmtImpl.obj
 0001:0001f930       ??_EStmt@dpi@@UEAAPEAXI@Z  0000000180020930 f i * CIL library *:* CIL module *
 0001:0001f960       ?getError@StmtImpl@@UEAAPEAUOCIError@@XZ 0000000180020960 f i dpiStmtImpl.obj
 0001:0001f970       ??0StmtImpl@@QEAA@PEAVEnvImpl@@PEAUOCIEnv@@PEAVConnImpl@@PEAUOCISvcCtx@@AEBV?$basic_string@DU?$char_traits@D@std@@V?$allocator@D@2@@std@@@Z 0000000180020970 f   dpiStmtImpl.obj
 0001:0001fac0       ??_GStmtImpl@@UEAAPEAXI@Z  0000000180020ac0 f i dpiStmtImpl.obj
 0001:0001fac0       ??_EStmtImpl@@UEAAPEAXI@Z  0000000180020ac0 f i * CIL library *:* CIL module *
 0001:0001fb20       ?stmtType@StmtImpl@@UEBA?AW4DpiStmtType@dpi@@XZ 0000000180020b20 f   dpiStmtImpl.obj
 0001:0001fb80       ?rowsAffected@StmtImpl@@UEBA_KXZ 0000000180020b80 f   dpiStmtImpl.obj
 0001:0001fbe0       ?numCols@StmtImpl@@UEAAIXZ 0000000180020be0 f   dpiStmtImpl.obj
 0001:0001fc40       ?prefetchRows@StmtImpl@@UEAAXI@Z 0000000180020c40 f   dpiStmtImpl.obj
 0001:0001fc90       ?bind@StmtImpl@@UEAAXIGPEAX_JPEAFPEAII30P6AH01IKKPEAPEAX44PEAPEAGPEAE@Z@Z 0000000180020c90 f   dpiStmtImpl.obj
 0001:0001fe00       ?bind@StmtImpl@@UEAAXPEBEHIGPEAX_JPEAFPEAII41P6AH12IKKPEAPEAX55PEAPEAGPEAE@Z@Z 0000000180020e00 f   dpiStmtImpl.obj
 0001:0001ff80       ?execute@StmtImpl@@UEAAXH_N@Z 0000000180020f80 f   dpiStmtImpl.obj
 0001:0001ffd0       ?release@StmtImpl@@UEAAXXZ 0000000180020fd0 f   dpiStmtImpl.obj
 0001:0001fff0       ?define@StmtImpl@@UEAAXIGPEAX_JPEAFPEAI@Z 0000000180020ff0 f   dpiStmtImpl.obj
 0001:000200d0       ?fetch@StmtImpl@@UEAAXI@Z  00000001800210d0 f   dpiStmtImpl.obj
 0001:00020120       ?rowsFetched@StmtImpl@@UEBAIXZ 0000000180021120 f   dpiStmtImpl.obj
 0001:00020170       ?getMetaData@StmtImpl@@UEAAPEBUMetaData@dpi@@_N@Z 0000000180021170 f   dpiStmtImpl.obj
 0001:000204a0       ?cleanup@StmtImpl@@AEAAXXZ 00000001800214a0 f   dpiStmtImpl.obj
 0001:00020540       ?inbindCallback@StmtImpl@@SAHPEAXPEAUOCIBind@@IIPEAPEAXPEAIPEAE2@Z 0000000180021540 f   dpiStmtImpl.obj
 0001:00020570       ?outbindCallback@StmtImpl@@SAHPEAXPEAUOCIBind@@IIPEAPEAXPEAPEAIPEAE2PEAPEAG@Z 0000000180021570 f   dpiStmtImpl.obj
 0001:000206b0       ?isReturning@StmtImpl@@UEAA_NXZ 00000001800216b0 f   dpiStmtImpl.obj
 0001:00020730       ?getState@StmtImpl@@UEAAIXZ 0000000180021730 f   dpiStmtImpl.obj
 0001:0002093c       __imp_load_?FatalException@node@@YAXPEAVIsolate@v8@@AEBVTryCatch@3@@Z 000000018002193c f   node:node.exe
 0001:00020948       __tailMerge_node_exe       0000000180021948 f i node:node.exe
 0001:000209c1       __imp_load_node_module_register 00000001800219c1 f   node:node.exe
 0001:000209cd       __imp_load_?MakeCallback@node@@YA?AV?$Local@VValue@v8@@@v8@@PEAVIsolate@3@V?$Local@VObject@v8@@@3@V?$Local@VFunction@v8@@@3@HPEAV23@@Z 00000001800219cd f   node:node.exe
 0001:000209d9       __imp_load_uv_default_loop 00000001800219d9 f   node:node.exe
 0001:000209e5       __imp_load_?HasCaught@TryCatch@v8@@QEBA_NXZ 00000001800219e5 f   node:node.exe
 0001:000209f1       __imp_load_??1TryCatch@v8@@QEAA@XZ 00000001800219f1 f   node:node.exe
 0001:000209fd       __imp_load_??0TryCatch@v8@@QEAA@PEAVIsolate@1@@Z 00000001800219fd f   node:node.exe
 0001:00020a09       __imp_load_?New@Signature@v8@@SA?AV?$Local@VSignature@v8@@@2@PEAVIsolate@2@V?$Local@VFunctionTemplate@v8@@@2@@Z 0000000180021a09 f   node:node.exe
 0001:00020a15       __imp_load_?Global@Context@v8@@QEAA?AV?$Local@VObject@v8@@@2@XZ 0000000180021a15 f   node:node.exe
 0001:00020a21       __imp_load_?ToLocalEmpty@V8@v8@@CAXXZ 0000000180021a21 f   node:node.exe
 0001:00020a2d       __imp_load_?ClearWeak@V8@v8@@CAPEAXPEAPEAVObject@internal@2@@Z 0000000180021a2d f   node:node.exe
 0001:00020a39       __imp_load_?MakeWeak@V8@v8@@CAXPEAPEAVObject@internal@2@PEAXP6AXAEBV?$WeakCallbackInfo@X@2@@ZW4WeakCallbackType@2@@Z 0000000180021a39 f   node:node.exe
 0001:00020a45       __imp_load_?DisposeGlobal@V8@v8@@CAXPEAPEAVObject@internal@2@@Z 0000000180021a45 f   node:node.exe
 0001:00020a51       __imp_load_?GlobalizeReference@V8@v8@@CAPEAPEAVObject@internal@2@PEAVIsolate@42@PEAPEAV342@@Z 0000000180021a51 f   node:node.exe
 0001:00020a5d       __imp_load_?Escape@EscapableHandleScope@v8@@AEAAPEAPEAVObject@internal@2@PEAPEAV342@@Z 0000000180021a5d f   node:node.exe
 0001:00020a69       __imp_load_??0EscapableHandleScope@v8@@QEAA@PEAVIsolate@1@@Z 0000000180021a69 f   node:node.exe
 0001:00020a75       __imp_load_?ToInteger@Value@v8@@QEBA?AV?$MaybeLocal@VInteger@v8@@@2@V?$Local@VContext@v8@@@2@@Z 0000000180021a75 f   node:node.exe
 0001:00020a81       __imp_load_?IsUint32@Value@v8@@QEBA_NXZ 0000000180021a81 f   node:node.exe
 0001:00020a8d       __imp_load_?IsNumber@Value@v8@@QEBA_NXZ 0000000180021a8d f   node:node.exe
 0001:00020a99       __imp_load_?IsObject@Value@v8@@QEBA_NXZ 0000000180021a99 f   node:node.exe
 0001:00020aa5       __imp_load_?IsArray@Value@v8@@QEBA_NXZ 0000000180021aa5 f   node:node.exe
 0001:00020ab1       __imp_load_?IsFunction@Value@v8@@QEBA_NXZ 0000000180021ab1 f   node:node.exe
 0001:00020abd       __imp_load_?SetClassName@FunctionTemplate@v8@@QEAAXV?$Local@VString@v8@@@2@@Z 0000000180021abd f   node:node.exe
 0001:00020ac9       __imp_load_?PrototypeTemplate@FunctionTemplate@v8@@QEAA?AV?$Local@VObjectTemplate@v8@@@2@XZ 0000000180021ac9 f   node:node.exe
 0001:00020ad5       __imp_load_?InstanceTemplate@FunctionTemplate@v8@@QEAA?AV?$Local@VObjectTemplate@v8@@@2@XZ 0000000180021ad5 f   node:node.exe
 0001:00020ae1       __imp_load_?GetFunction@FunctionTemplate@v8@@QEAA?AV?$Local@VFunction@v8@@@2@XZ 0000000180021ae1 f   node:node.exe
 0001:00020aed       __imp_load_?New@FunctionTemplate@v8@@SA?AV?$Local@VFunctionTemplate@v8@@@2@PEAVIsolate@2@P6AXAEBV?$FunctionCallbackInfo@VValue@v8@@@2@@ZV?$Local@VValue@v8@@@2@V?$Local@VSignature@v8@@@2@H@Z 0000000180021aed f   node:node.exe
 0001:00020af9       __imp_load_?Error@Exception@v8@@SA?AV?$Local@VValue@v8@@@2@V?$Local@VString@v8@@@2@@Z 0000000180021af9 f   node:node.exe
 0001:00020b05       __imp_load_??1Utf8Value@String@v8@@QEAA@XZ 0000000180021b05 f   node:node.exe
 0001:00020b11       __imp_load_??0Utf8Value@String@v8@@QEAA@V?$Local@VValue@v8@@@2@@Z 0000000180021b11 f   node:node.exe
 0001:00020b1d       __imp_load_?NewFromUtf8@String@v8@@SA?AV?$MaybeLocal@VString@v8@@@2@PEAVIsolate@2@PEBDW4NewStringType@2@H@Z 0000000180021b1d f   node:node.exe
 0001:00020b29       __imp_load_?New@Array@v8@@SA?AV?$Local@VArray@v8@@@2@PEAVIsolate@2@H@Z 0000000180021b29 f   node:node.exe
 0001:00020b35       __imp_load_?Length@Array@v8@@QEBAIXZ 0000000180021b35 f   node:node.exe
 0001:00020b41       __imp_load_?CreateHandle@HandleScope@v8@@KAPEAPEAVObject@internal@2@PEAVIsolate@42@PEAV342@@Z 0000000180021b41 f   node:node.exe
 0001:00020b4d       __imp_load_?CreateHandle@HandleScope@v8@@CAPEAPEAVObject@internal@2@PEAVHeapObject@42@PEAV342@@Z 0000000180021b4d f   node:node.exe
 0001:00020b59       __imp_load_??1HandleScope@v8@@QEAA@XZ 0000000180021b59 f   node:node.exe
 0001:00020b65       __imp_load_??0HandleScope@v8@@QEAA@PEAVIsolate@1@@Z 0000000180021b65 f   node:node.exe
 0001:00020b71       __imp_load_?Value@Boolean@v8@@QEBA_NXZ 0000000180021b71 f   node:node.exe
 0001:00020b7d       __imp_load_?SlowGetAlignedPointerFromInternalField@Object@v8@@AEAAPEAXH@Z 0000000180021b7d f   node:node.exe
 0001:00020b89       __imp_load_?SlowGetInternalField@Object@v8@@AEAA?AV?$Local@VValue@v8@@@2@H@Z 0000000180021b89 f   node:node.exe
 0001:00020b95       __imp_load_?SetAlignedPointerInInternalField@Object@v8@@QEAAXHPEAX@Z 0000000180021b95 f   node:node.exe
 0001:00020ba1       __imp_load_?SetInternalField@Object@v8@@QEAAXHV?$Local@VValue@v8@@@2@@Z 0000000180021ba1 f   node:node.exe
 0001:00020bad       __imp_load_?InternalFieldCount@Object@v8@@QEAAHXZ 0000000180021bad f   node:node.exe
 0001:00020bb9       __imp_load_?Get@Object@v8@@QEAA?AV?$Local@VValue@v8@@@2@V32@@Z 0000000180021bb9 f   node:node.exe
 0001:00020bc5       __imp_load_?Get@Object@v8@@QEAA?AV?$Local@VValue@v8@@@2@I@Z 0000000180021bc5 f   node:node.exe
 0001:00020bd1       __imp_load_?Set@Object@v8@@QEAA?AV?$Maybe@_N@2@V?$Local@VContext@v8@@@2@V?$Local@VValue@v8@@@2@1@Z 0000000180021bd1 f   node:node.exe
 0001:00020bdd       __imp_load_?Set@Object@v8@@QEAA_NIV?$Local@VValue@v8@@@2@@Z 0000000180021bdd f   node:node.exe
 0001:00020be9       __imp_load_?Set@Template@v8@@QEAAXV?$Local@VName@v8@@@2@V?$Local@VData@v8@@@2@W4PropertyAttribute@2@@Z 0000000180021be9 f   node:node.exe
 0001:00020bf5       __imp_load_?Value@Int32@v8@@QEBAHXZ 0000000180021bf5 f   node:node.exe
 0001:00020c01       __imp_load_?SetInternalFieldCount@ObjectTemplate@v8@@QEAAXH@Z 0000000180021c01 f   node:node.exe
 0001:00020c0d       __imp_load_?SetAccessor@ObjectTemplate@v8@@QEAAXV?$Local@VName@v8@@@2@P6AX0AEBV?$PropertyCallbackInfo@VValue@v8@@@2@@ZP6AX0V?$Local@VValue@v8@@@2@AEBV?$PropertyCallbackInfo@X@2@@Z3W4AccessControl@2@W4PropertyAttribute@2@V?$Local@VAccessorSignature@v8@@@2@@Z 0000000180021c0d f   node:node.exe
 0001:00020c19       __imp_load_?NewInstance@ObjectTemplate@v8@@QEAA?AV?$MaybeLocal@VObject@v8@@@2@V?$Local@VContext@v8@@@2@@Z 0000000180021c19 f   node:node.exe
 0001:00020c25       __imp_load_?New@ObjectTemplate@v8@@SA?AV?$Local@VObjectTemplate@v8@@@2@PEAVIsolate@2@V?$Local@VFunctionTemplate@v8@@@2@@Z 0000000180021c25 f   node:node.exe
 0001:00020c31       __imp_load_?NewFromUnsigned@Integer@v8@@SA?AV?$Local@VInteger@v8@@@2@PEAVIsolate@2@I@Z 0000000180021c31 f   node:node.exe
 0001:00020c3d       __imp_load_?New@Integer@v8@@SA?AV?$Local@VInteger@v8@@@2@PEAVIsolate@2@H@Z 0000000180021c3d f   node:node.exe
 0001:00020c49       __imp_load_?NewInstance@Function@v8@@QEBA?AV?$Local@VObject@v8@@@2@XZ 0000000180021c49 f   node:node.exe
 0001:00020c55       __imp_load_?Value@Uint32@v8@@QEBAIXZ 0000000180021c55 f   node:node.exe
 0001:00020c61       __imp_load_?ThrowException@Isolate@v8@@QEAA?AV?$Local@VValue@v8@@@2@V32@@Z 0000000180021c61 f   node:node.exe
 0001:00020c6d       __imp_load_?GetCurrentContext@Isolate@v8@@QEAA?AV?$Local@VContext@v8@@@2@XZ 0000000180021c6d f   node:node.exe
 0001:00020c79       __imp_load_?GetCurrent@Isolate@v8@@SAPEAV12@XZ 0000000180021c79 f   node:node.exe
 0001:00020c85       __imp_load_?Value@External@v8@@QEBAPEAXXZ 0000000180021c85 f   node:node.exe
 0001:00020c91       __imp_load_?New@External@v8@@SA?AV?$Local@VExternal@v8@@@2@PEAVIsolate@2@PEAX@Z 0000000180021c91 f   node:node.exe
 0001:00020c9d       __imp_load_uv_queue_work   0000000180021c9d f   node:node.exe
 0001:00020ca9       __imp_load_?ToInt32@Value@v8@@QEBA?AV?$Local@VInt32@v8@@@2@XZ 0000000180021ca9 f   node:node.exe
 0001:00020cb5       __imp_load_?ToUint32@Value@v8@@QEBA?AV?$Local@VUint32@v8@@@2@XZ 0000000180021cb5 f   node:node.exe
 0001:00020cc1       __imp_load_?ToObject@Value@v8@@QEBA?AV?$Local@VObject@v8@@@2@XZ 0000000180021cc1 f   node:node.exe
 0001:00020ccd       __imp_load_?ToString@Value@v8@@QEBA?AV?$Local@VString@v8@@@2@XZ 0000000180021ccd f   node:node.exe
 0001:00020cd9       __imp_load_?ToBoolean@Value@v8@@QEBA?AV?$Local@VBoolean@v8@@@2@XZ 0000000180021cd9 f   node:node.exe
 0001:00020ce5       __imp_load_?length@Utf8Value@String@v8@@QEBAHXZ 0000000180021ce5 f   node:node.exe
 0001:00020cf1       __imp_load_??DUtf8Value@String@v8@@QEAAPEADXZ 0000000180021cf1 f   node:node.exe
 0001:00020cfd       __imp_load_??1EscapableHandleScope@v8@@QEAA@XZ 0000000180021cfd f   node:node.exe
 0001:00020d09       __imp_load_?Length@Buffer@node@@YA_KV?$Local@VObject@v8@@@v8@@@Z 0000000180021d09 f   node:node.exe
 0001:00020d15       __imp_load_?Data@Buffer@node@@YAPEADV?$Local@VObject@v8@@@v8@@@Z 0000000180021d15 f   node:node.exe
 0001:00020d21       __imp_load_?HasInstance@Buffer@node@@YA_NV?$Local@VValue@v8@@@v8@@@Z 0000000180021d21 f   node:node.exe
 0001:00020d2d       __imp_load_?HasInstance@Buffer@node@@YA_NV?$Local@VObject@v8@@@v8@@@Z 0000000180021d2d f   node:node.exe
 0001:00020d39       __imp_load_?Copy@Buffer@node@@YA?AV?$MaybeLocal@VObject@v8@@@v8@@PEAVIsolate@4@PEBD_K@Z 0000000180021d39 f   node:node.exe
 0001:00020d45       __imp_load_?New@Date@v8@@SA?AV?$MaybeLocal@VValue@v8@@@2@V?$Local@VContext@v8@@@2@N@Z 0000000180021d45 f   node:node.exe
 0001:00020d51       __imp_load_?NumberValue@Value@v8@@QEBANXZ 0000000180021d51 f   node:node.exe
 0001:00020d5d       __imp_load_?IsDate@Value@v8@@QEBA_NXZ 0000000180021d5d f   node:node.exe
 0001:00020d69       __imp_load_?IsInt32@Value@v8@@QEBA_NXZ 0000000180021d69 f   node:node.exe
 0001:00020d75       __imp_load_?New@Number@v8@@SA?AV?$Local@VNumber@v8@@@2@PEAVIsolate@2@N@Z 0000000180021d75 f   node:node.exe
 0001:00020d81       __imp_load_?New@Object@v8@@SA?AV?$Local@VObject@v8@@@2@PEAVIsolate@2@@Z 0000000180021d81 f   node:node.exe
 0001:00020d8d       __imp_load_?GetOwnPropertyNames@Object@v8@@QEAA?AV?$Local@VArray@v8@@@2@XZ 0000000180021d8d f   node:node.exe
 0001:00020d99       __imp_load_?ForceSet@Object@v8@@QEAA?AV?$Maybe@_N@2@V?$Local@VContext@v8@@@2@V?$Local@VValue@v8@@@2@1W4PropertyAttribute@2@@Z 0000000180021d99 f   node:node.exe
 0001:00020da5       __imp_load_?Set@Object@v8@@QEAA?AV?$Maybe@_N@2@V?$Local@VContext@v8@@@2@IV?$Local@VValue@v8@@@2@@Z 0000000180021da5 f   node:node.exe
 0001:00020db1       __imp_load_?Call@Function@v8@@QEAA?AV?$Local@VValue@v8@@@2@V32@HQEAV32@@Z 0000000180021db1 f   node:node.exe
 0001:00020dc0       _Getcvt                    0000000180021dc0 f   libcpmt:xwctomb.obj
 0001:00020e50       ??4?$_Yarn@D@std@@QEAAAEAV01@PEBD@Z 0000000180021e50 f i libcpmt:locale0.obj
 0001:00020ec8       ??_E_Locimp@locale@std@@MEAAPEAXI@Z 0000000180021ec8 f i libcpmt:locale0.obj
 0001:00020ec8       ??_G_Locimp@locale@std@@MEAAPEAXI@Z 0000000180021ec8 f i libcpmt:locale0.obj
 0001:00020f20       ?_Facet_Register@std@@YAXPEAV_Facet_base@1@@Z 0000000180021f20 f   libcpmt:locale0.obj
 0001:00020f54       ?_Getgloballocale@locale@std@@CAPEAV_Locimp@12@XZ 0000000180021f54 f   libcpmt:locale0.obj
 0001:00020f5c       ?_Init@locale@std@@CAPEAV_Locimp@12@_N@Z 0000000180021f5c f   libcpmt:locale0.obj
 0001:00020ffc       ?_Locimp_dtor@_Locimp@locale@std@@CAXPEAV123@@Z 0000000180021ffc f   libcpmt:locale0.obj
 0001:00021074       ?_Locinfo_ctor@_Locinfo@std@@SAXPEAV12@PEBD@Z 0000000180022074 f   libcpmt:locale0.obj
 0001:000210e0       ?_Locinfo_dtor@_Locinfo@std@@SAXPEAV12@@Z 00000001800220e0 f   libcpmt:locale0.obj
 0001:00021104       ?_New_Locimp@_Locimp@locale@std@@CAPEAV123@_N@Z 0000000180022104 f   libcpmt:locale0.obj
 0001:00021170       ?_Setgloballocale@locale@std@@CAXPEAX@Z 0000000180022170 f   libcpmt:locale0.obj
 0001:000211a4       _Deletegloballocale        00000001800221a4 f   libcpmt:locale0.obj
 0001:00021204       ?_Ios_base_dtor@ios_base@std@@CAXPEAV12@@Z 0000000180022204 f   libcpmt:ios.obj
 0001:00021268       ?_Tidy@ios_base@std@@AEAAXXZ 0000000180022268 f i libcpmt:ios.obj
 0001:000212d8       ??0bad_alloc@std@@QEAA@AEBV01@@Z 00000001800222d8 f i libcpmt:xthrow.obj
 0001:000212fc       ??0length_error@std@@QEAA@AEBV01@@Z 00000001800222fc f i libcpmt:xthrow.obj
 0001:00021320       ??0logic_error@std@@QEAA@AEBV01@@Z 0000000180022320 f i libcpmt:xthrow.obj
 0001:00021344       ??0out_of_range@std@@QEAA@AEBV01@@Z 0000000180022344 f i libcpmt:xthrow.obj
 0001:00021368       ??1bad_alloc@std@@UEAA@XZ  0000000180022368 f i libcpmt:xthrow.obj
 0001:00021378       ??1out_of_range@std@@UEAA@XZ 0000000180022378 f i libcpmt:xthrow.obj
 0001:00021378       ??1length_error@std@@UEAA@XZ 0000000180022378 f i libcpmt:xthrow.obj
 0001:00021380       ??_Gbad_alloc@std@@UEAAPEAXI@Z 0000000180022380 f i libcpmt:xthrow.obj
 0001:00021380       ??_Ebad_alloc@std@@UEAAPEAXI@Z 0000000180022380 f i libcpmt:xthrow.obj
 0001:000213bc       ??_Eout_of_range@std@@UEAAPEAXI@Z 00000001800223bc f i libcpmt:xthrow.obj
 0001:000213bc       ??_Elength_error@std@@UEAAPEAXI@Z 00000001800223bc f i libcpmt:xthrow.obj
 0001:000213bc       ??_Glength_error@std@@UEAAPEAXI@Z 00000001800223bc f i libcpmt:xthrow.obj
 0001:000213bc       ??_Glogic_error@std@@UEAAPEAXI@Z 00000001800223bc f i libcpmt:xthrow.obj
 0001:000213bc       ??_Elogic_error@std@@UEAAPEAXI@Z 00000001800223bc f i libcpmt:xthrow.obj
[...]
 0004:00001fbc       $pdata$?__SetUnwindTryBlock@@YAXPEA_KPEAU_xDISPATCHER_CONTEXT@@PEBU_s_FuncInfo@@H@Z 0000000180059fbc     LIBCMT:ehstate.obj
 0004:00001fc8       $pdata$?__StateFromIp@@YAHPEBU_s_FuncInfo@@PEAU_xDISPATCHER_CONTEXT@@_J@Z 0000000180059fc8     LIBCMT:ehstate.obj
 0004:00001fd4       $pdata$_cfltcvt            0000000180059fd4     LIBCMT:cvt.obj
 0004:00001fe0       $pdata$_cfltcvt_l          0000000180059fe0     LIBCMT:cvt.obj
 0004:00001fec       $pdata$_cftoa_l            0000000180059fec     LIBCMT:cvt.obj
 0004:00001ff8       $pdata$_cftoe2_l           0000000180059ff8     LIBCMT:cvt.obj
 0004:00002004       $pdata$_cftoe_l            000000018005a004     LIBCMT:cvt.obj
 0004:00002010       $pdata$_cftof2_l           000000018005a010     LIBCMT:cvt.obj
 0004:0000201c       $pdata$_cftof_l            000000018005a01c     LIBCMT:cvt.obj
 0004:00002028       $pdata$_cftog_l            000000018005a028     LIBCMT:cvt.obj
 0004:00002034       $pdata$_cropzeros_l        000000018005a034     LIBCMT:cvt.obj
 0004:00002040       $pdata$_fassign_l          000000018005a040     LIBCMT:cvt.obj
 0004:0000204c       $pdata$_forcdecpt_l        000000018005a04c     LIBCMT:cvt.obj
 0004:00002058       $pdata$_initp_misc_cfltcvt_tab 000000018005a058     LIBCMT:cmiscdat.obj
 0004:00002064       $pdata$_mbstowcs_l_helper  000000018005a064     LIBCMT:mbstowcs.obj
 0004:00002070       $pdata$_mbstowcs_s_l       000000018005a070     LIBCMT:mbstowcs.obj
 0004:0000207c       $pdata$mbstowcs_s          000000018005a07c     LIBCMT:mbstowcs.obj
 0004:00002088       $pdata$_wcstombs_l_helper  000000018005a088     LIBCMT:wcstombs.obj
 0004:00002094       $pdata$_wcstombs_s_l       000000018005a094     LIBCMT:wcstombs.obj
 0004:000020a0       $pdata$strcpy_s            000000018005a0a0     LIBCMT:strcpy_s.obj
 0004:000020ac       $pdata$_isctype_l          000000018005a0ac     LIBCMT:isctype.obj
 0004:000020b8       $pdata$calloc              000000018005a0b8     LIBCMT:calloc.obj
 0004:000020d0       $pdata$realloc             000000018005a0d0     LIBCMT:realloc.obj
 0004:000020dc       $pdata$_calloc_impl        000000018005a0dc     LIBCMT:calloc_impl.obj
 0004:000020e8       $pdata$_wcsicmp            000000018005a0e8     LIBCMT:wcsicmp.obj
 0004:000020f4       $pdata$_wcsicmp_l          000000018005a0f4     LIBCMT:wcsicmp.obj
 0004:00002100       $pdata$_isleadbyte_l       000000018005a100     LIBCMT:_wctype.obj
 0004:0000210c       $pdata$isleadbyte          000000018005a10c     LIBCMT:_wctype.obj
 0004:00002118       $pdata$_IsNonwritableInCurrentImage 000000018005a118     LIBCMT:pesect.obj
 0004:00002124       $pdata$_ftbuf              000000018005a124     LIBCMT:_sftbuf.obj
 0004:00002130       $pdata$_stbuf              000000018005a130     LIBCMT:_sftbuf.obj
 0004:0000213c       $pdata$_fileno             000000018005a13c     LIBCMT:fileno.obj
 0004:00002148       $pdata$_isatty             000000018005a148     LIBCMT:isatty.obj
 0004:00002154       $pdata$_write              000000018005a154     LIBCMT:write.obj
 0004:00002160       $pdata$_write_nolock       000000018005a160     LIBCMT:write.obj
 0004:0000216c       $pdata$_lseeki64           000000018005a16c     LIBCMT:lseeki64.obj
 0004:00002178       $pdata$_lseeki64_nolock    000000018005a178     LIBCMT:lseeki64.obj
 0004:00002184       $pdata$_getbuf             000000018005a184     LIBCMT:_getbuf.obj
 0004:00002190       $pdata$_output_s_l         000000018005a190     LIBCMT:outputs.obj
 0004:0000219c       $pdata$write_char          000000018005a19c     LIBCMT:outputs.obj
 0004:0000219c       $pdata$write_char          000000018005a19c     LIBCMT:outputs.obj
 0004:000021a8       $pdata$_wctomb_s_l         000000018005a1a8     LIBCMT:wctomb.obj
 0004:000021b4       $pdata$wctomb_s            000000018005a1b4     LIBCMT:wctomb.obj
 0004:000021c0       $pdata$wcsncpy_s           000000018005a1c0     LIBCMT:wcsncpy_s.obj
 0004:000021cc       $pdata$__free_lconv_mon    000000018005a1cc     LIBCMT:initmon.obj
 0004:000021d8       $pdata$__init_monetary     000000018005a1d8     LIBCMT:initmon.obj
 0004:000021e4       $pdata$__free_lconv_num    000000018005a1e4     LIBCMT:initnum.obj
 0004:000021f0       $pdata$__init_numeric      000000018005a1f0     LIBCMT:initnum.obj
 0004:000021fc       $pdata$__free_lc_time      000000018005a1fc     LIBCMT:inittime.obj
 0004:00002208       $pdata$__init_time         000000018005a208     LIBCMT:inittime.obj
 0004:00002214       $pdata$_get_lc_time        000000018005a214     LIBCMT:inittime.obj
 0004:00002220       $pdata$_fcloseall          000000018005a220     LIBCMT:closeall.obj
 0004:0000222c       $pdata$_commit             000000018005a22c     LIBCMT:commit.obj
 0004:00002238       $pdata$_freebuf            000000018005a238     LIBCMT:_freebuf.obj
 0004:00002244       $pdata$_woutput_l          000000018005a244     LIBCMT:woutput.obj
 0004:00002250       $pdata$write_char          000000018005a250     LIBCMT:woutput.obj
 0004:0000225c       $pdata$write_multi_char    000000018005a25c     LIBCMT:woutput.obj
 0004:00002268       $pdata$write_string        000000018005a268     LIBCMT:woutput.obj
 0004:000022a4       $pdata$strncpy_s           000000018005a2a4     LIBCMT:strncpy_s.obj
 0004:000022b0       $pdata$?__crtGetLocaleInfoA_stat@@YAHPEAUlocaleinfo_struct@@PEB_WKPEADH@Z 000000018005a2b0     LIBCMT:a_loc.obj
 0004:000022bc       $pdata$__crtGetLocaleInfoA 000000018005a2bc     LIBCMT:a_loc.obj
 0004:000022d4       $pdata$GetLocaleNameFromLangCountry 000000018005a2d4     LIBCMT:getqloc.obj
 0004:000022e0       $pdata$GetLocaleNameFromLanguage 000000018005a2e0     LIBCMT:getqloc.obj
 0004:000022ec       $pdata$LangCountryEnumProcEx 000000018005a2ec     LIBCMT:getqloc.obj
 0004:000022f8       $pdata$LanguageEnumProcEx  000000018005a2f8     LIBCMT:getqloc.obj
 0004:00002304       $pdata$ProcessCodePage     000000018005a304     LIBCMT:getqloc.obj
 0004:00002310       $pdata$TestDefaultCountry  000000018005a310     LIBCMT:getqloc.obj
 0004:0000231c       $pdata$TranslateName       000000018005a31c     LIBCMT:getqloc.obj
 0004:0000231c       $pdata$TranslateName       000000018005a31c     LIBCMT:getqloc.obj
 0004:00002328       $pdata$__get_qualified_locale 000000018005a328     LIBCMT:getqloc.obj
 0004:00002334       $pdata$CountryEnumProc     000000018005a334     LIBCMT:getqloc_downlevel.obj
 0004:00002340       $pdata$GetLcidFromLangCountry 000000018005a340     LIBCMT:getqloc_downlevel.obj
 0004:0000234c       $pdata$GetLcidFromLanguage 000000018005a34c     LIBCMT:getqloc_downlevel.obj
 0004:00002358       $pdata$LangCountryEnumProc 000000018005a358     LIBCMT:getqloc_downlevel.obj
 0004:00002364       $pdata$LanguageEnumProc    000000018005a364     LIBCMT:getqloc_downlevel.obj
 0004:00002370       $pdata$ProcessCodePage     000000018005a370     LIBCMT:getqloc_downlevel.obj
 0004:0000237c       $pdata$TestDefaultLanguage 000000018005a37c     LIBCMT:getqloc_downlevel.obj
 0004:00002388       $pdata$__get_qualified_locale_downlevel 000000018005a388     LIBCMT:getqloc_downlevel.obj
 0004:000023a0       $pdata$strrchr             000000018005a3a0     LIBCMT:strrchr.obj
 0004:000023ac       $pdata$_fptostr            000000018005a3ac     LIBCMT:_fptostr.obj
 0004:000023b8       $pdata$__crt_atoflt_l      000000018005a3b8     LIBCMT:atodbl.obj
 0004:000023c4       $pdata$_atodbl_l           000000018005a3c4     LIBCMT:atodbl.obj
 0004:000023d0       $pdata$__dtold             000000018005a3d0     LIBCMT:cfout.obj
 0004:000023dc       $pdata$_fltout2            000000018005a3dc     LIBCMT:cfout.obj
 0004:000023e8       $pdata$_towlower_l         000000018005a3e8     LIBCMT:towlower.obj
 0004:000023f4       $pdata$iswctype            000000018005a3f4     LIBCMT:iswctype.obj
 0004:00002400       $pdata$__lock_fhandle      000000018005a400     LIBCMT:osfinfo.obj
 0004:0000240c       $pdata$_free_osfhnd        000000018005a40c     LIBCMT:osfinfo.obj
 0004:00002418       $pdata$_get_osfhandle      000000018005a418     LIBCMT:osfinfo.obj
 0004:00002424       $pdata$_mbtowc_l           000000018005a424     LIBCMT:mbtowc.obj
 0004:00002430       $pdata$_putwch_nolock      000000018005a430     LIBCMT:putwch.obj
 0004:0000243c       $pdata$_fclose_nolock      000000018005a43c     LIBCMT:fclose.obj
 0004:00002448       $pdata$fclose              000000018005a448     LIBCMT:fclose.obj
 0004:00002454       $pdata$_fputwc_nolock      000000018005a454     LIBCMT:fputwc.obj
 0004:00002460       $pdata$?wcstoxl@@YAKPEB_WPEAPEB_WHH@Z 000000018005a460     LIBCMT:wcstol.obj
 0004:0000246c       $pdata$wcschr              000000018005a46c     LIBCMT:wcschr.obj
 0004:00002478       $pdata$_wcsnicmp           000000018005a478     LIBCMT:wcsnicmp.obj
 0004:00002484       $pdata$_wcsnicmp_l         000000018005a484     LIBCMT:wcsnicmp.obj
 0004:00002490       $pdata$_ld12tod            000000018005a490     LIBCMT:intrncvt.obj
 0004:0000249c       $pdata$_ld12tof            000000018005a49c     LIBCMT:intrncvt.obj
 0004:000024a8       $pdata$__strgtold12_l      000000018005a4a8     LIBCMT:strgtold.obj
 0004:000024b4       $pdata$$I10_OUTPUT         000000018005a4b4     LIBCMT:x10fout.obj
 0004:000024c0       $pdata$__termconout        000000018005a4c0     LIBCMT:initcon.obj
 0004:000024cc       $pdata$__initconout        000000018005a4cc     LIBCMT:initcon.obj
 0004:000024d8       $pdata$_close              000000018005a4d8     LIBCMT:close.obj
 0004:000024e4       $pdata$_close_nolock       000000018005a4e4     LIBCMT:close.obj
 0004:000024f0       $pdata$_flswbuf            000000018005a4f0     LIBCMT:_flswbuf.obj
 0004:000024fc       $pdata$__mtold12           000000018005a4fc     LIBCMT:mantold.obj
 0004:00002508       $pdata$__delayLoadHelper2  000000018005a508     DelayImp:delayhlp.obj
 0004:00002514       $pdata$?catch$0@?0??Async_GetConnection@Oracledb@@CAXPEAUuv_work_s@@@Z@4HA 000000018005a514     njsOracle.obj
 0004:00002520       $pdata$?catch$0@?0??Async_CreatePool@Oracledb@@CAXPEAUuv_work_s@@@Z@4HA 000000018005a520     njsOracle.obj
 0004:0000252c       $pdata$?dtor$0@?0???0?$basic_stringstream@DU?$char_traits@D@std@@V?$allocator@D@2@@std@@QEAA@H@Z@4HA 000000018005a52c     njsOracle.obj
 0004:00002538       $pdata$?dtor$1@?0??_Getcat@?$numpunct@D@std@@SA_KPEAPEBVfacet@locale@2@PEBV42@@Z@4HA 000000018005a538     njsOracle.obj
 0004:00002544       $pdata$?catch$0@?0??GetConnectionsOpen@Pool@@CAXV?$Local@VString@v8@@@v8@@AEBV?$PropertyCallbackInfo@VValue@v8@@@Nan@@@Z@4HA 000000018005a544     njsPool.obj
 0004:00002550       $pdata$?catch$0@?0??GetConnectionsInUse@Pool@@CAXV?$Local@VString@v8@@@v8@@AEBV?$PropertyCallbackInfo@VValue@v8@@@Nan@@@Z@4HA 000000018005a550     njsPool.obj
 0004:0000255c       $pdata$?catch$0@?0??Async_GetConnection@Pool@@CAXPEAUuv_work_s@@@Z@4HA 000000018005a55c     njsPool.obj
 0004:00002568       $pdata$?catch$0@?0??Async_Terminate@Pool@@CAXPEAUuv_work_s@@@Z@4HA 000000018005a568     njsPool.obj
 0004:00002574       $pdata$?catch$0@?0??GetStmtCacheSize@Connection@@CAXV?$Local@VString@v8@@@v8@@AEBV?$PropertyCallbackInfo@VValue@v8@@@Nan@@@Z@4HA 000000018005a574     njsConnection.obj
 0004:00002580       $pdata$?catch$0@?0??SetClientId@Connection@@CAXV?$Local@VString@v8@@@v8@@V?$Local@VValue@v8@@@3@AEBV?$PropertyCallbackInfo@X@Nan@@@Z@4HA 000000018005a580     njsConnection.obj
 0004:0000258c       $pdata$?catch$0@?0??SetModule@Connection@@CAXV?$Local@VString@v8@@@v8@@V?$Local@VValue@v8@@@3@AEBV?$PropertyCallbackInfo@X@Nan@@@Z@4HA 000000018005a58c     njsConnection.obj
 0004:00002598       $pdata$?catch$0@?0??SetAction@Connection@@CAXV?$Local@VString@v8@@@v8@@V?$Local@VValue@v8@@@3@AEBV?$PropertyCallbackInfo@X@Nan@@@Z@4HA 000000018005a598     njsConnection.obj
 0004:000025a4       $pdata$?catch$0@?0??GetOracleServerVersion@Connection@@CAXV?$Local@VString@v8@@@v8@@AEBV?$PropertyCallbackInfo@VValue@v8@@@Nan@@@Z@4HA 000000018005a5a4     njsConnection.obj
 0004:000025b0       $pdata$?catch$0@?0??Async_Execute@Connection@@CAXPEAUuv_work_s@@@Z@4HA 000000018005a5b0     njsConnection.obj
 0004:000025bc       $pdata$?catch$0@?0??Async_Release@Connection@@CAXPEAUuv_work_s@@@Z@4HA 000000018005a5bc     njsConnection.obj
 0004:000025c8       $pdata$?catch$0@?0??Async_Commit@Connection@@CAXPEAUuv_work_s@@@Z@4HA 000000018005a5c8     njsConnection.obj
 0004:000025d4       $pdata$?catch$0@?0??Async_Rollback@Connection@@CAXPEAUuv_work_s@@@Z@4HA 000000018005a5d4     njsConnection.obj
 0004:000025e0       $pdata$?catch$0@?0??Async_Break@Connection@@CAXPEAUuv_work_s@@@Z@4HA 000000018005a5e0     njsConnection.obj
 0004:000025ec       $pdata$?catch$0@?0??Async_GetRows@ResultSet@@CAXPEAUuv_work_s@@@Z@4HA 000000018005a5ec     njsResultSet.obj
 0004:000025f8       $pdata$?catch$0@?0??Async_Close@ResultSet@@CAXPEAUuv_work_s@@@Z@4HA 000000018005a5f8     njsResultSet.obj
 0004:00002604       $pdata$?dtor$0@?0??getErrorMsg@NJSMessages@@SA?AV?$basic_string@DU?$char_traits@D@std@@V?$allocator@D@2@@std@@W4NJSErrorType@@ZZ@4HA 000000018005a604     njsMessages.obj
 0004:00002610       $pdata$?catch$0@?0??setILob@ILob@@QEAAXPEAUeBaton@@PEAVProtoILob@@@Z@4HA 000000018005a610     njsIntLob.obj
 0004:0000261c       $pdata$?catch$0@?0??GetChunkSize@ILob@@CAXV?$Local@VString@v8@@@v8@@AEBV?$PropertyCallbackInfo@VValue@v8@@@Nan@@@Z@4HA 000000018005a61c     njsIntLob.obj
 0004:00002628       $pdata$?catch$0@?0??GetLength@ILob@@CAXV?$Local@VString@v8@@@v8@@AEBV?$PropertyCallbackInfo@VValue@v8@@@Nan@@@Z@4HA 000000018005a628     njsIntLob.obj
 0004:00002634       $pdata$?catch$0@?0??GetPieceSize@ILob@@CAXV?$Local@VString@v8@@@v8@@AEBV?$PropertyCallbackInfo@VValue@v8@@@Nan@@@Z@4HA 000000018005a634     njsIntLob.obj
 0004:00002640       $pdata$?catch$0@?0??SetPieceSize@ILob@@CAXV?$Local@VString@v8@@@v8@@V?$Local@VValue@v8@@@3@AEBV?$PropertyCallbackInfo@X@Nan@@@Z@4HA 000000018005a640     njsIntLob.obj
 0004:0000264c       $pdata$?catch$0@?0??GetOffset@ILob@@CAXV?$Local@VString@v8@@@v8@@AEBV?$PropertyCallbackInfo@VValue@v8@@@Nan@@@Z@4HA 000000018005a64c     njsIntLob.obj
 0004:00002658       $pdata$?catch$0@?0??GetType@ILob@@CAXV?$Local@VString@v8@@@v8@@AEBV?$PropertyCallbackInfo@VValue@v8@@@Nan@@@Z@4HA 000000018005a658     njsIntLob.obj
 0004:00002664       $pdata$?catch$0@?0??Async_Read@ILob@@CAXPEAUuv_work_s@@@Z@4HA 000000018005a664     njsIntLob.obj
 0004:00002670       $pdata$?catch$0@?0??Async_Write@ILob@@CAXPEAUuv_work_s@@@Z@4HA 000000018005a670     njsIntLob.obj
 0004:0000267c       $pdata$?catch$0@?0???0ProtoILob@@QEAA@PEAUeBaton@@PEAUDescriptor@dpi@@G@Z@4HA 000000018005a67c     njsIntLob.obj
 0004:00002688       $pdata$?catch$0@?0???0EnvImpl@@QEAA@AEBV?$basic_string@DU?$char_traits@D@std@@V?$allocator@D@2@@std@@II@Z@4HA 000000018005a688     dpiEnvImpl.obj
 0004:00002694       $pdata$?catch$0@?0???0ConnImpl@@QEAA@PEAVEnvImpl@@PEAUOCIEnv@@_NIAEBV?$basic_string@DU?$char_traits@D@std@@V?$allocator@D@2@@std@@333W4DBPrivileges@dpi@@@Z@4HA 000000018005a694     dpiConnImpl.obj
 0004:000026a0       $pdata$?catch$0@?0???0ConnImpl@@QEAA@PEAVPoolImpl@@PEAUOCIEnv@@_NPEAEIAEBV?$basic_string@DU?$char_traits@D@std@@V?$allocator@D@2@@std@@444HW4DBPrivileges@dpi@@@Z@4HA 000000018005a6a0     dpiConnImpl.obj
 0004:000026ac       $pdata$?catch$0@?0???0PoolImpl@@QEAA@PEAVEnvImpl@@PEAUOCIEnv@@AEBV?$basic_string@DU?$char_traits@D@std@@V?$allocator@D@2@@std@@22HHHH_NH3@Z@4HA 000000018005a6ac     dpiPoolImpl.obj
 0004:000026b8       $pdata$?catch$0@?0???0StmtImpl@@QEAA@PEAVEnvImpl@@PEAUOCIEnv@@PEAVConnImpl@@PEAUOCISvcCtx@@AEBV?$basic_string@DU?$char_traits@D@std@@V?$allocator@D@2@@std@@@Z@4HA 000000018005a6b8     dpiStmtImpl.obj
 0004:000026c4       $pdata$_onexit$fin$0       000000018005a6c4     LIBCMT:onexit.obj
 0004:000026d0       $pdata$?fin$0@?0???_M@YAXPEAX_KHP6AX0@Z@Z@4HA 000000018005a6d0     LIBCMT:ehvecdtr.obj
 0004:000026dc       $pdata$?filt$0@?0??__ArrayUnwind@@YAXPEAX_KHP6AX0@Z@Z@4HA 000000018005a6dc     LIBCMT:ehvecdtr.obj
 0004:000026e8       $pdata$?fin$0@?0???_L@YAXPEAX_KHP6AX0@Z2@Z@4HA 000000018005a6e8     LIBCMT:ehvecctr.obj
 0004:000026f4       $pdata$_CRT_INIT$fin$0     000000018005a6f4     LIBCMT:dllcrt0.obj
 0004:00002700       $pdata$__DllMainCRTStartup$filt$0 000000018005a700     LIBCMT:dllcrt0.obj
 0004:0000270c       $pdata$_CallSETranslator$filt$0 000000018005a70c     LIBCMT:trnsctrl.obj
 0004:00002718       $pdata$setlocale$fin$0     000000018005a718     LIBCMT:setlocal.obj
 0004:00002724       $pdata$_mtinitlocknum$fin$0 000000018005a724     LIBCMT:mlock.obj
 0004:00002730       $pdata$doexit$fin$0        000000018005a730     LIBCMT:crt0dat.obj
 0004:0000273c       $pdata$raise$fin$0         000000018005a73c     LIBCMT:winsig.obj
 0004:00002748       $pdata$_initptd$fin$1      000000018005a748     LIBCMT:tidtable.obj
 0004:00002748       $pdata$_freefls$fin$1      000000018005a748     LIBCMT:tidtable.obj
 0004:00002754       $pdata$_freefls$fin$0      000000018005a754     LIBCMT:tidtable.obj
 0004:00002754       $pdata$_initptd$fin$0      000000018005a754     LIBCMT:tidtable.obj
 0004:00002760       $pdata$fclose$fin$0        000000018005a760     LIBCMT:fflush.obj
 0004:00002760       $pdata$fflush$fin$0        000000018005a760     LIBCMT:fflush.obj
 0004:0000276c       $pdata$flsall$fin$0        000000018005a76c     LIBCMT:fflush.obj
 0004:00002778       $pdata$flsall$fin$1        000000018005a778     LIBCMT:fflush.obj
 0004:00002784       $pdata$setvbuf$fin$0       000000018005a784     LIBCMT:setvbuf.obj
 0004:00002790       $pdata$fwprintf$fin$0      000000018005a790     LIBCMT:fwprintf.obj
 0004:0000279c       $pdata$?fin$0@?0??_Type_info_dtor@type_info@@CAXPEAV1@@Z@4HA 000000018005a79c     LIBCMT:typname.obj
 0004:000027a8       $pdata$_setmbcp$fin$0      000000018005a7a8     LIBCMT:mbctype.obj
 0004:000027a8       $pdata$__updatetmbcinfo$fin$0 000000018005a7a8     LIBCMT:mbctype.obj
 0004:000027b4       $pdata$__updatetlocinfo$fin$0 000000018005a7b4     LIBCMT:wsetloca.obj
 0004:000027b4       $pdata$_locterm$fin$0      000000018005a7b4     LIBCMT:wsetloca.obj
 0004:000027c0       $pdata$_wsetlocale$fin$1   000000018005a7c0     LIBCMT:wsetloca.obj
 0004:000027cc       $pdata$_wsetlocale$fin$0   000000018005a7cc     LIBCMT:wsetloca.obj
 0004:000027d8       $pdata$_wsetlocale$fin$2   000000018005a7d8     LIBCMT:wsetloca.obj
 0004:000027e4       $pdata$_ioinit$fin$0       000000018005a7e4     LIBCMT:ioinit.obj
 0004:000027f0       $pdata$__CxxCallCatchBlock$filt$0 000000018005a7f0     LIBCMT:frame.obj
 0004:000027fc       $pdata$__CxxCallCatchBlock$fin$1 000000018005a7fc     LIBCMT:frame.obj
 0004:00002808       $pdata$__DestructExceptionObject$filt$0 000000018005a808     LIBCMT:frame.obj
 0004:00002814       $pdata$__FrameUnwindToState$filt$0 000000018005a814     LIBCMT:frame.obj
 0004:00002820       $pdata$__FrameUnwindToState$fin$1 000000018005a820     LIBCMT:frame.obj
 0004:0000282c       $pdata$_IsNonwritableInCurrentImage$filt$0 000000018005a82c     LIBCMT:pesect.obj
 0004:00002838       $pdata$_write$fin$0        000000018005a838     LIBCMT:lseeki64.obj
 0004:00002838       $pdata$_lseeki64$fin$0     000000018005a838     LIBCMT:lseeki64.obj
 0004:00002844       $pdata$_fcloseall$fin$0    000000018005a844     LIBCMT:closeall.obj
 0004:00002850       $pdata$_close$fin$0        000000018005a850     LIBCMT:commit.obj
 0004:00002850       $pdata$_commit$fin$0       000000018005a850     LIBCMT:commit.obj
 0004:0000285c       $pdata$__lock_fhandle$fin$0 000000018005a85c     LIBCMT:osfinfo.obj
 0004:00002868       $pdata$??__F_Fac_tidy_reg@std@@YAXXZ 000000018005a868     libcpmt:locale0.obj
 0004:00002874       $pdata$??__Fclassic_locale@std@@YAXXZ 000000018005a874     libcpmt:locale0.obj
 0004:00002880       $pdata$??__Finit_atexit@@YAXXZ 000000018005a880     libcpmt:iosptrs.obj
 0005:00000060       $R000000                   000000018005b060     * linker generated manifest res *

 Exports

  ordinal    name

        1    _register_oracledb_
